******************************************************************************
                  TI ARM Linker PC v5.2.4                      
******************************************************************************
>> Linked Sun Oct 25 23:19:15 2015

OUTPUT FILE NAME:   <self_balancing_robot.out>
ENTRY POINT SYMBOL: "_c_int00"  address: 000012e1


MEMORY CONFIGURATION

         name            origin    length      used     unused   attr    fill
----------------------  --------  ---------  --------  --------  ----  --------
  FLASH                 00000000   00040000  00001b5c  0003e4a4  R  X
  SRAM                  20000000   00008000  00000550  00007ab0  RW X


SEGMENT ALLOCATION MAP

run origin  load origin   length   init length attrs members
----------  ----------- ---------- ----------- ----- -------
00000000    00000000    00001b60   00001b60    r-x
  00000000    00000000    0000026c   0000026c    r-- .intvecs
  0000026c    0000026c    00001494   00001494    r-x .text
  00001700    00001700    0000040c   0000040c    r-- .const
  00001b10    00001b10    00000050   00000050    r-- .cinit
20000000    20000000    00000550   00000000    rw-
  20000000    20000000    0000026c   00000000    rw- .vtable
  2000026c    2000026c    00000200   00000000    rw- .stack
  2000046c    2000046c    000000b8   00000000    rw- .bss
  20000524    20000524    0000002c   00000000    rw- .data


SECTION ALLOCATION MAP

 output                                  attributes/
section   page    origin      length       input sections
--------  ----  ----------  ----------   ----------------
.intvecs   0    00000000    0000026c     
                  00000000    0000026c     startup_ccs.obj (.intvecs)

.text      0    0000026c    00001494     
                  0000026c    00000384     MYUART.obj (.text)
                  000005f0    00000348     SystemConfig.obj (.text)
                  00000938    000002d0     PID.obj (.text)
                  00000c08    00000148     InterruptHandler.obj (.text)
                  00000d50    00000130     driverlib.lib : gpio.obj (.text:GPIOPadConfigSet)
                  00000e80    00000118                   : sysctl.obj (.text:SysCtlClockGet)
                  00000f98    000000f8     main.obj (.text)
                  00001090    0000009c     rtsv7M4_T_le_v4SPD16_eabi.lib : memcpy_t2.obj (.text)
                  0000112c    0000007a                                   : memset_t2.obj (.text)
                  000011a6    00000002     --HOLE-- [fill = 0]
                  000011a8    0000006c                                   : autoinit.obj (.text)
                  00001214    0000006a                                   : copy_decompress_rle.obj (.text)
                  0000127e    00000002     --HOLE-- [fill = 0]
                  00001280    00000060     driverlib.lib : interrupt.obj (.text:IntEnable)
                  000012e0    00000050     rtsv7M4_T_le_v4SPD16_eabi.lib : boot.obj (.text)
                  00001330    0000004c     driverlib.lib : timer.obj (.text:_TimerIntNumberGet)
                  0000137c    0000004c     rtsv7M4_T_le_v4SPD16_eabi.lib : cpy_tbl.obj (.text)
                  000013c8    00000048     driverlib.lib : gpio.obj (.text:GPIOPinConfigure)
                  00001410    00000044     rtsv7M4_T_le_v4SPD16_eabi.lib : exit.obj (.text)
                  00001454    00000040     driverlib.lib : uart.obj (.text:UARTConfigSetExpClk)
                  00001494    00000040                   : gpio.obj (.text:_GPIOIntNumberGet)
                  000014d4    00000040                   : uart.obj (.text:_UARTIntNumberGet)
                  00001514    00000034                   : interrupt.obj (.text:IntRegister)
                  00001548    00000034                   : sysctl.obj (.text:SysCtlPeripheralEnable)
                  0000157c    0000002a                   : gpio.obj (.text:GPIODirModeSet)
                  000015a6    00000002     --HOLE-- [fill = 0]
                  000015a8    0000001c                   : uart.obj (.text:UARTDisable)
                  000015c4    00000018                   : gpio.obj (.text:GPIOIntRegister)
                  000015dc    00000018                   : timer.obj (.text:TimerIntRegister)
                  000015f4    00000018                   : uart.obj (.text:UARTIntRegister)
                  0000160c    00000018     rtsv7M4_T_le_v4SPD16_eabi.lib : args_main.obj (.text)
                  00001624    00000014     driverlib.lib : uart.obj (.text:UARTEnable)
                  00001638    00000014     rtsv7M4_T_le_v4SPD16_eabi.lib : _lock.obj (.text)
                  0000164c    00000012     driverlib.lib : gpio.obj (.text:GPIOPinTypeGPIOInput)
                  0000165e    00000012                   : gpio.obj (.text:GPIOPinTypeUART)
                  00001670    0000000e                   : uart.obj (.text:UARTCharPutNonBlocking)
                  0000167e    0000000e     rtsv7M4_T_le_v4SPD16_eabi.lib : copy_decompress_none.obj (.text:decompress:none)
                  0000168c    0000000c     driverlib.lib : cpu.obj (.text:CPUcpsie)
                  00001698    0000000c                   : gpio.obj (.text:GPIOIntEnable)
                  000016a4    0000000c                   : uart.obj (.text:UARTCharsAvail)
                  000016b0    0000000c     rtsv7M4_T_le_v4SPD16_eabi.lib : copy_zero_init.obj (.text:decompress:ZI)
                  000016bc    0000000c     startup_ccs.obj (.text)
                  000016c8    0000000a     driverlib.lib : interrupt.obj (.text:IntMasterEnable)
                  000016d2    0000000a                   : uart.obj (.text:UARTIntStatus)
                  000016dc    00000008                   : uart.obj (.text:UARTIntEnable)
                  000016e4    00000006                   : gpio.obj (.text:GPIOIntClear)
                  000016ea    00000006                   : gpio.obj (.text:GPIOPinWrite)
                  000016f0    00000006                   : sysctl.obj (.text:SysCtlDelay)
                  000016f6    00000006     rtsv7M4_T_le_v4SPD16_eabi.lib : copy_decompress_rle.obj (.text:decompress:rle24)
                  000016fc    00000004                                   : pre_init.obj (.text)

.const     0    00001700    0000040c     
                  00001700    000000c0     driverlib.lib : gpio.obj (.const:g_ppui32GPIOIntMapBlizzard)
                  000017c0    000000c0                   : gpio.obj (.const:g_ppui32GPIOIntMapSnowflake)
                  00001880    00000090                   : gpio.obj (.const:g_pui32GPIOBaseAddrs)
                  00001910    00000070                   : interrupt.obj (.const)
                  00001980    0000006c                   : sysctl.obj (.const:g_pui32Xtals)
                  000019ec    00000060                   : timer.obj (.const:g_ppui32TimerIntMap)
                  00001a4c    00000040                   : timer.obj (.const:g_ppui32TimerIntMapSnowflake)
                  00001a8c    00000040                   : uart.obj (.const:g_ppui32UARTIntMap)
                  00001acc    00000040                   : uart.obj (.const:g_ppui32UARTIntMapSnowflake)

.cinit     0    00001b10    00000050     
                  00001b10    00000016     (.cinit..data.load) [load image, compression = rle]
                  00001b26    00000002     --HOLE-- [fill = 0]
                  00001b28    0000000c     (__TI_handler_table)
                  00001b34    00000004     --HOLE-- [fill = 0]
                  00001b38    00000008     (.cinit..bss.load) [load image, compression = zero_init]
                  00001b40    00000008     (.cinit..vtable.load) [load image, compression = zero_init]
                  00001b48    00000018     (__TI_cinit_table)

.init_array 
*          0    00000000    00000000     UNINITIALIZED

.vtable    0    20000000    0000026c     UNINITIALIZED
                  20000000    0000026c     driverlib.lib : interrupt.obj (.vtable)

.stack     0    2000026c    00000200     UNINITIALIZED
                  2000026c    00000200     --HOLE--

.bss       0    2000046c    000000b8     UNINITIALIZED
                  2000046c    00000038     PID.obj (.bss:PIDPosition)
                  200004a4    00000038     PID.obj (.bss:PIDVelocity)
                  200004dc    00000034     InterruptHandler.obj (.bss:UARTBuf)
                  20000510    00000010     (.common:UART_Bluetooth)
                  20000520    00000004     (.common:p_UARTBuf)

.TI.noinit 
*          0    2000046c    00000000     UNINITIALIZED

.data      0    20000524    0000002c     UNINITIALIZED
                  20000524    00000013     InterruptHandler.obj (.data)
                  20000537    00000001     MYUART.obj (.data)
                  20000538    00000008     rtsv7M4_T_le_v4SPD16_eabi.lib : _lock.obj (.data)
                  20000540    00000008                                   : exit.obj (.data)
                  20000548    00000004     SystemConfig.obj (.data)
                  2000054c    00000004     rtsv7M4_T_le_v4SPD16_eabi.lib : stkdepth_vars.obj (.data)

.TI.persistent 
*          0    20000524    00000000     UNINITIALIZED


LINKER GENERATED COPY TABLES

__TI_cinit_table @ 00001b48 records: 3, size/record: 8, table size: 24
	.data: load addr=00001b10, load size=00000016 bytes, run addr=20000524, run size=0000002c bytes, compression=rle
	.bss: load addr=00001b38, load size=00000008 bytes, run addr=2000046c, run size=000000b8 bytes, compression=zero_init
	.vtable: load addr=00001b40, load size=00000008 bytes, run addr=20000000, run size=0000026c bytes, compression=zero_init


LINKER GENERATED HANDLER TABLE

__TI_handler_table @ 00001b28 records: 3, size/record: 4, table size: 12
	index: 0, handler: __TI_zero_init
	index: 1, handler: __TI_decompress_rle24
	index: 2, handler: __TI_decompress_none


GLOBAL SYMBOLS: SORTED ALPHABETICALLY BY Name 

address   name                    
-------   ----                    
00000cab  BluetoothIntHandler     
00001411  C$$EXIT                 
0000168d  CPUcpsie                
00000559  CheckNetworkFrame       
0000084f  ConfigEncoder           
00000fbf  ConfigNetwork           
0000063b  ConfigPIDTimer          
000006c5  ConfigPWM               
000005f1  ConfigSystem            
0000026d  ConfigUART              
00000cd9  EncoderISR              
0000157d  GPIODirModeSet          
000016e5  GPIOIntClear            
00001699  GPIOIntEnable           
000015c5  GPIOIntRegister         
00000d51  GPIOPadConfigSet        
000013c9  GPIOPinConfigure        
0000164d  GPIOPinTypeGPIOInput    
0000165f  GPIOPinTypeUART         
000016eb  GPIOPinWrite            
00000c17  HBridgeDisable          
00000c09  HBridgeEnable           
00000f99  InitPID                 
00001281  IntEnable               
000016c9  IntMasterEnable         
00001515  IntRegister             
20000534  MaxSpeed                
0000097b  PIDPosCalc              
2000046c  PIDPosition             
0000094f  PIDPositionSet          
00000939  PIDSpeedSet             
200004a4  PIDVelocity             
00000aaf  PIDVerCalc              
20000548  PIDVerLoop              
20000524  Position                
000016bd  ResetISR                
UNDEFED   SHT$$INIT_ARRAY$$Base   
UNDEFED   SHT$$INIT_ARRAY$$Limit  
000007cf  SetPWM                  
20000528  Speed                   
2000052c  Speedtemp               
00000e81  SysCtlClockGet          
000016f1  SysCtlDelay             
00001549  SysCtlPeripheralEnable  
00000c25  Timer5ISR               
000015dd  TimerIntRegister        
200004dc  UARTBuf                 
00001671  UARTCharPutNonBlocking  
000016a5  UARTCharsAvail          
00001455  UARTConfigSetExpClk     
000015a9  UARTDisable             
00001625  UARTEnable              
000016dd  UARTIntEnable           
000015f5  UARTIntRegister         
000016d3  UARTIntStatus           
000004ab  UARTPutn                
0000048b  UARTPuts                
20000510  UART_Bluetooth          
2000046c  __STACK_END             
00000200  __STACK_SIZE            
2000046c  __STACK_TOP             
00001b48  __TI_CINIT_Base         
00001b60  __TI_CINIT_Limit        
00001b28  __TI_Handler_Table_Base 
00001b34  __TI_Handler_Table_Limit
000011a9  __TI_auto_init          
20000540  __TI_cleanup_ptr        
0000167f  __TI_decompress_none    
000016f7  __TI_decompress_rle24   
20000544  __TI_dtors_ptr          
00000000  __TI_static_base__      
000016b1  __TI_zero_init          
0000112d  __aeabi_memclr          
0000112d  __aeabi_memclr4         
0000112d  __aeabi_memclr8         
00001091  __aeabi_memcpy          
00001091  __aeabi_memcpy4         
00001091  __aeabi_memcpy8         
0000112f  __aeabi_memset          
0000112f  __aeabi_memset4         
0000112f  __aeabi_memset8         
ffffffff  __binit__               
ffffffff  __c_args__              
2000026c  __stack                 
0000160d  _args_main              
000012e1  _c_int00                
20000538  _lock                   
00001647  _nop                    
0000163f  _register_lock          
00001639  _register_unlock        
000016fd  _system_pre_init        
2000053c  _unlock                 
00001415  abort                   
ffffffff  binit                   
0000137d  copy_in                 
0000141d  exit                    
20000000  g_pfnRAMVectors         
00000000  g_pfnVectors            
00000ff5  main                    
2000054c  main_func_sp            
00001091  memcpy                  
00001135  memset                  
20000520  p_UARTBuf               
20000530  set                     


GLOBAL SYMBOLS: SORTED BY Symbol Address 

address   name                    
-------   ----                    
00000000  __TI_static_base__      
00000000  g_pfnVectors            
00000200  __STACK_SIZE            
0000026d  ConfigUART              
0000048b  UARTPuts                
000004ab  UARTPutn                
00000559  CheckNetworkFrame       
000005f1  ConfigSystem            
0000063b  ConfigPIDTimer          
000006c5  ConfigPWM               
000007cf  SetPWM                  
0000084f  ConfigEncoder           
00000939  PIDSpeedSet             
0000094f  PIDPositionSet          
0000097b  PIDPosCalc              
00000aaf  PIDVerCalc              
00000c09  HBridgeEnable           
00000c17  HBridgeDisable          
00000c25  Timer5ISR               
00000cab  BluetoothIntHandler     
00000cd9  EncoderISR              
00000d51  GPIOPadConfigSet        
00000e81  SysCtlClockGet          
00000f99  InitPID                 
00000fbf  ConfigNetwork           
00000ff5  main                    
00001091  __aeabi_memcpy          
00001091  __aeabi_memcpy4         
00001091  __aeabi_memcpy8         
00001091  memcpy                  
0000112d  __aeabi_memclr          
0000112d  __aeabi_memclr4         
0000112d  __aeabi_memclr8         
0000112f  __aeabi_memset          
0000112f  __aeabi_memset4         
0000112f  __aeabi_memset8         
00001135  memset                  
000011a9  __TI_auto_init          
00001281  IntEnable               
000012e1  _c_int00                
0000137d  copy_in                 
000013c9  GPIOPinConfigure        
00001411  C$$EXIT                 
00001415  abort                   
0000141d  exit                    
00001455  UARTConfigSetExpClk     
00001515  IntRegister             
00001549  SysCtlPeripheralEnable  
0000157d  GPIODirModeSet          
000015a9  UARTDisable             
000015c5  GPIOIntRegister         
000015dd  TimerIntRegister        
000015f5  UARTIntRegister         
0000160d  _args_main              
00001625  UARTEnable              
00001639  _register_unlock        
0000163f  _register_lock          
00001647  _nop                    
0000164d  GPIOPinTypeGPIOInput    
0000165f  GPIOPinTypeUART         
00001671  UARTCharPutNonBlocking  
0000167f  __TI_decompress_none    
0000168d  CPUcpsie                
00001699  GPIOIntEnable           
000016a5  UARTCharsAvail          
000016b1  __TI_zero_init          
000016bd  ResetISR                
000016c9  IntMasterEnable         
000016d3  UARTIntStatus           
000016dd  UARTIntEnable           
000016e5  GPIOIntClear            
000016eb  GPIOPinWrite            
000016f1  SysCtlDelay             
000016f7  __TI_decompress_rle24   
000016fd  _system_pre_init        
00001b28  __TI_Handler_Table_Base 
00001b34  __TI_Handler_Table_Limit
00001b48  __TI_CINIT_Base         
00001b60  __TI_CINIT_Limit        
20000000  g_pfnRAMVectors         
2000026c  __stack                 
2000046c  PIDPosition             
2000046c  __STACK_END             
2000046c  __STACK_TOP             
200004a4  PIDVelocity             
200004dc  UARTBuf                 
20000510  UART_Bluetooth          
20000520  p_UARTBuf               
20000524  Position                
20000528  Speed                   
2000052c  Speedtemp               
20000530  set                     
20000534  MaxSpeed                
20000538  _lock                   
2000053c  _unlock                 
20000540  __TI_cleanup_ptr        
20000544  __TI_dtors_ptr          
20000548  PIDVerLoop              
2000054c  main_func_sp            
ffffffff  __binit__               
ffffffff  __c_args__              
ffffffff  binit                   
UNDEFED   SHT$$INIT_ARRAY$$Base   
UNDEFED   SHT$$INIT_ARRAY$$Limit  

[104 symbols]
