******************************************************************************
                  TI ARM Linker PC v5.2.5                      
******************************************************************************
>> Linked Mon Nov 02 21:01:41 2015

OUTPUT FILE NAME:   <self_balancing_robot.out>
ENTRY POINT SYMBOL: "_c_int00"  address: 00001b75


MEMORY CONFIGURATION

         name            origin    length      used     unused   attr    fill
----------------------  --------  ---------  --------  --------  ----  --------
  FLASH                 00000000   00040000  000029c8  0003d638  R  X
  SRAM                  20000000   00008000  00000560  00007aa0  RW X


SEGMENT ALLOCATION MAP

run origin  load origin   length   init length attrs members
----------  ----------- ---------- ----------- ----- -------
00000000    00000000    000029c8   000029c8    r-x
  00000000    00000000    0000026c   0000026c    r-- .intvecs
  0000026c    0000026c    00001d78   00001d78    r-x .text
  00001fe4    00001fe4    00000994   00000994    r-- .const
  00002978    00002978    00000050   00000050    r-- .cinit
20000000    20000000    00000560   00000000    rw-
  20000000    20000000    0000026c   00000000    rw- .vtable
  2000026c    2000026c    00000200   00000000    rw- .stack
  2000046c    2000046c    000000c4   00000000    rw- .bss
  20000530    20000530    00000030   00000000    rw- .data


SECTION ALLOCATION MAP

 output                                  attributes/
section   page    origin      length       input sections
--------  ----  ----------  ----------   ----------------
.intvecs   0    00000000    0000026c     
                  00000000    0000026c     startup_ccs.obj (.intvecs)

.text      0    0000026c    00001d78     
                  0000026c    00000638     STE2007.obj (.text)
                  000008a4    000003d0     SystemConfig.obj (.text)
                  00000c74    00000384     MYUART.obj (.text)
                  00000ff8    000002d0     PID.obj (.text)
                  000012c8    000002d0     main.obj (.text)
                  00001598    00000148     InterruptHandler.obj (.text)
                  000016e0    00000130     driverlib.lib : gpio.obj (.text:GPIOPadConfigSet)
                  00001810    0000010c                   : sysctl.obj (.text:SysCtlClockGet)
                  0000191c    0000009c     rtsv7M4_T_le_v4SPD16_eabi.lib : memcpy_t2.obj (.text)
                  000019b8    0000007a                                   : memset_t2.obj (.text)
                  00001a32    00000002                                   : i_div0.obj (.text)
                  00001a34    0000006c                                   : autoinit.obj (.text)
                  00001aa0    0000006a                                   : copy_decompress_rle.obj (.text)
                  00001b0a    00000002     --HOLE-- [fill = 0]
                  00001b0c    00000068     driverlib.lib : interrupt.obj (.text:IntEnable)
                  00001b74    00000050     rtsv7M4_T_le_v4SPD16_eabi.lib : boot.obj (.text)
                  00001bc4    0000004c     driverlib.lib : timer.obj (.text:_TimerIntNumberGet)
                  00001c10    0000004c     rtsv7M4_T_le_v4SPD16_eabi.lib : cpy_tbl.obj (.text)
                  00001c5c    00000048     driverlib.lib : gpio.obj (.text:GPIOPinConfigure)
                  00001ca4    00000044     rtsv7M4_T_le_v4SPD16_eabi.lib : exit.obj (.text)
                  00001ce8    00000042     driverlib.lib : uart.obj (.text:UARTConfigSetExpClk)
                  00001d2a    00000002     --HOLE-- [fill = 0]
                  00001d2c    00000040                   : gpio.obj (.text:_GPIOIntNumberGet)
                  00001d6c    00000040                   : uart.obj (.text:_UARTIntNumberGet)
                  00001dac    00000040     rtsv7M4_T_le_v4SPD16_eabi.lib : u_divt2.obj (.text)
                  00001dec    00000034     driverlib.lib : interrupt.obj (.text:IntRegister)
                  00001e20    00000034                   : sysctl.obj (.text:SysCtlPeripheralEnable)
                  00001e54    0000002a                   : gpio.obj (.text:GPIODirModeSet)
                  00001e7e    00000002     --HOLE-- [fill = 0]
                  00001e80    0000001c                   : uart.obj (.text:UARTDisable)
                  00001e9c    00000018                   : gpio.obj (.text:GPIOIntRegister)
                  00001eb4    00000018                   : gpio.obj (.text:GPIOPinTypeGPIOOutput)
                  00001ecc    00000018                   : timer.obj (.text:TimerIntRegister)
                  00001ee4    00000018                   : uart.obj (.text:UARTIntRegister)
                  00001efc    00000018     rtsv7M4_T_le_v4SPD16_eabi.lib : args_main.obj (.text)
                  00001f14    00000014     driverlib.lib : uart.obj (.text:UARTEnable)
                  00001f28    00000014     rtsv7M4_T_le_v4SPD16_eabi.lib : _lock.obj (.text)
                  00001f3c    00000012     driverlib.lib : gpio.obj (.text:GPIOPinTypeUART)
                  00001f4e    00000010                   : interrupt.obj (.text:IntMasterEnable)
                  00001f5e    0000000e                   : uart.obj (.text:UARTCharPutNonBlocking)
                  00001f6c    0000000e     rtsv7M4_T_le_v4SPD16_eabi.lib : copy_decompress_none.obj (.text:decompress:none)
                  00001f7a    0000000c     driverlib.lib : cpu.obj (.text:CPUcpsie)
                  00001f86    0000000c                   : gpio.obj (.text:GPIOIntEnable)
                  00001f92    0000000c                   : uart.obj (.text:UARTCharsAvail)
                  00001f9e    0000000c     rtsv7M4_T_le_v4SPD16_eabi.lib : copy_zero_init.obj (.text:decompress:ZI)
                  00001faa    0000000c     startup_ccs.obj (.text)
                  00001fb6    0000000a     driverlib.lib : uart.obj (.text:UARTIntStatus)
                  00001fc0    00000008                   : uart.obj (.text:UARTIntEnable)
                  00001fc8    00000006                   : gpio.obj (.text:GPIOIntClear)
                  00001fce    00000006                   : gpio.obj (.text:GPIOPinWrite)
                  00001fd4    00000006                   : sysctl.obj (.text:SysCtlDelay)
                  00001fda    00000006     rtsv7M4_T_le_v4SPD16_eabi.lib : copy_decompress_rle.obj (.text:decompress:rle24)
                  00001fe0    00000004                                   : pre_init.obj (.text)

.const     0    00001fe4    00000994     
                  00001fe4    00000330     main.obj (.const:.string:teamlogo2)
                  00002314    00000240     STE2007.obj (.const:ASCII)
                  00002554    000000c0     driverlib.lib : gpio.obj (.const:g_ppui32GPIOIntMapBlizzard)
                  00002614    000000c0                   : gpio.obj (.const:g_ppui32GPIOIntMapSnowflake)
                  000026d4    00000090                   : gpio.obj (.const:g_pui32GPIOBaseAddrs)
                  00002764    00000070                   : interrupt.obj (.const)
                  000027d4    0000006c                   : sysctl.obj (.const:g_pui32Xtals)
                  00002840    00000060                   : timer.obj (.const:g_ppui32TimerIntMap)
                  000028a0    00000040                   : timer.obj (.const:g_ppui32TimerIntMapSnowflake)
                  000028e0    00000040                   : uart.obj (.const:g_ppui32UARTIntMap)
                  00002920    00000040                   : uart.obj (.const:g_ppui32UARTIntMapSnowflake)
                  00002960    00000012     STE2007.obj (.const:.string)
                  00002972    00000002     --HOLE-- [fill = 0]
                  00002974    00000004     STE2007.obj (.const)

.cinit     0    00002978    00000050     
                  00002978    00000016     (.cinit..data.load) [load image, compression = rle]
                  0000298e    00000002     --HOLE-- [fill = 0]
                  00002990    0000000c     (__TI_handler_table)
                  0000299c    00000004     --HOLE-- [fill = 0]
                  000029a0    00000008     (.cinit..bss.load) [load image, compression = zero_init]
                  000029a8    00000008     (.cinit..vtable.load) [load image, compression = zero_init]
                  000029b0    00000018     (__TI_cinit_table)

.init_array 
*          0    00000000    00000000     UNINITIALIZED

.vtable    0    20000000    0000026c     UNINITIALIZED
                  20000000    0000026c     driverlib.lib : interrupt.obj (.vtable)

.stack     0    2000026c    00000200     UNINITIALIZED
                  2000026c    00000200     --HOLE--

.bss       0    2000046c    000000c4     UNINITIALIZED
                  2000046c    00000038     PID.obj (.bss:PIDPosition)
                  200004a4    00000038     PID.obj (.bss:PIDVelocity)
                  200004dc    00000034     InterruptHandler.obj (.bss:UARTBuf)
                  20000510    00000010     (.common:UART_Bluetooth)
                  20000520    00000004     (.common:p_UARTBuf)
                  20000524    00000004     (.common:ulCount$2)
                  20000528    00000004     (.common:ulNeg$3)
                  2000052c    00000004     (.common:ulPos$1)

.TI.noinit 
*          0    2000046c    00000000     UNINITIALIZED

.data      0    20000530    00000030     UNINITIALIZED
                  20000530    00000013     InterruptHandler.obj (.data)
                  20000543    00000001     MYUART.obj (.data)
                  20000544    00000008     rtsv7M4_T_le_v4SPD16_eabi.lib : _lock.obj (.data)
                  2000054c    00000008                                   : exit.obj (.data)
                  20000554    00000004     SystemConfig.obj (.data)
                  20000558    00000004     main.obj (.data)
                  2000055c    00000004     rtsv7M4_T_le_v4SPD16_eabi.lib : stkdepth_vars.obj (.data)

.TI.persistent 
*          0    20000530    00000000     UNINITIALIZED


LINKER GENERATED COPY TABLES

__TI_cinit_table @ 000029b0 records: 3, size/record: 8, table size: 24
	.data: load addr=00002978, load size=00000016 bytes, run addr=20000530, run size=00000030 bytes, compression=rle
	.bss: load addr=000029a0, load size=00000008 bytes, run addr=2000046c, run size=000000c4 bytes, compression=zero_init
	.vtable: load addr=000029a8, load size=00000008 bytes, run addr=20000000, run size=0000026c bytes, compression=zero_init


LINKER GENERATED HANDLER TABLE

__TI_handler_table @ 00002990 records: 3, size/record: 4, table size: 12
	index: 0, handler: __TI_zero_init
	index: 1, handler: __TI_decompress_rle24
	index: 2, handler: __TI_decompress_none


GLOBAL SYMBOLS: SORTED ALPHABETICALLY BY Name 

address   name                    
-------   ----                    
00002314  ASCII                   
0000163b  BluetoothIntHandler     
00001371  ButtonISR               
00001ca5  C$$EXIT                 
00001f7b  CPUcpsie                
00000f61  CheckNetworkFrame       
00000b03  ConfigEncoder           
000012ef  ConfigNetwork           
000008ef  ConfigPIDTimer          
00000979  ConfigPWM               
000008a5  ConfigSystem            
00000c75  ConfigUART              
00000ba1  Config_Button1          
00000b85  Config_LCD              
00001669  EncoderISR              
00001e55  GPIODirModeSet          
00001fc9  GPIOIntClear            
00001f87  GPIOIntEnable           
00001e9d  GPIOIntRegister         
000016e1  GPIOPadConfigSet        
00001c5d  GPIOPinConfigure        
00001eb5  GPIOPinTypeGPIOOutput   
00001f3d  GPIOPinTypeUART         
00001fcf  GPIOPinWrite            
000015a7  HBridgeDisable          
00001599  HBridgeEnable           
000012c9  InitPID                 
00001b0d  IntEnable               
00001f4f  IntMasterEnable         
00001ded  IntRegister             
0000050d  LCDDataWrite            
000013bb  LCD_Start               
00000541  LCDprintf               
20000540  MaxSpeed                
0000103b  PIDPosCalc              
2000046c  PIDPosition             
0000100f  PIDPositionSet          
00000ff9  PIDSpeedSet             
200004a4  PIDVelocity             
0000116f  PIDVerCalc              
20000554  PIDVerLoop              
20000530  Position                
00001fab  ResetISR                
UNDEFED   SHT$$INIT_ARRAY$$Base   
UNDEFED   SHT$$INIT_ARRAY$$Limit  
00000a83  SetPWM                  
20000534  Speed                   
20000538  Speedtemp               
00001811  SysCtlClockGet          
00001fd5  SysCtlDelay             
00001e21  SysCtlPeripheralEnable  
000015b5  Timer5ISR               
00001ecd  TimerIntRegister        
200004dc  UARTBuf                 
00001f5f  UARTCharPutNonBlocking  
00001f93  UARTCharsAvail          
00001ce9  UARTConfigSetExpClk     
00001e81  UARTDisable             
00001f15  UARTEnable              
00001fc1  UARTIntEnable           
00001ee5  UARTIntRegister         
00001fb7  UARTIntStatus           
00000eb3  UARTPutn                
00000e93  UARTPuts                
20000510  UART_Bluetooth          
2000046c  __STACK_END             
00000200  __STACK_SIZE            
2000046c  __STACK_TOP             
000029b0  __TI_CINIT_Base         
000029c8  __TI_CINIT_Limit        
00002990  __TI_Handler_Table_Base 
0000299c  __TI_Handler_Table_Limit
00001a35  __TI_auto_init          
2000054c  __TI_cleanup_ptr        
00001f6d  __TI_decompress_none    
00001fdb  __TI_decompress_rle24   
20000550  __TI_dtors_ptr          
00000000  __TI_static_base__      
00001f9f  __TI_zero_init          
00001a33  __aeabi_idiv0           
000019b9  __aeabi_memclr          
000019b9  __aeabi_memclr4         
000019b9  __aeabi_memclr8         
0000191d  __aeabi_memcpy          
0000191d  __aeabi_memcpy4         
0000191d  __aeabi_memcpy8         
000019bb  __aeabi_memset          
000019bb  __aeabi_memset4         
000019bb  __aeabi_memset8         
00001dad  __aeabi_uidiv           
00001dad  __aeabi_uidivmod        
ffffffff  __binit__               
ffffffff  __c_args__              
2000026c  __stack                 
00001efd  _args_main              
00001b75  _c_int00                
20000544  _lock                   
00001f37  _nop                    
00001f2f  _register_lock          
00001f29  _register_unlock        
00001fe1  _system_pre_init        
20000548  _unlock                 
00001ca9  abort                   
ffffffff  binit                   
00001c11  copy_in                 
00001cb1  exit                    
20000000  g_pfnRAMVectors         
00000000  g_pfnVectors            
00000461  lcd_all                 
000003c7  lcd_clear               
000003fd  lcd_gotoxy              
00000329  lcd_init                
0000047d  lcd_mirror_x            
00000489  lcd_mirror_y            
0000043d  lcd_normal              
00000495  lcd_putc                
000004f1  lcd_puts                
0000026d  lcd_write               
00001325  main                    
2000055c  main_func_sp            
0000191d  memcpy                  
000019c1  memset                  
20000520  p_UARTBuf               
2000053c  set                     
00001fe4  teamlogo2               


GLOBAL SYMBOLS: SORTED BY Symbol Address 

address   name                    
-------   ----                    
00000000  __TI_static_base__      
00000000  g_pfnVectors            
00000200  __STACK_SIZE            
0000026d  lcd_write               
00000329  lcd_init                
000003c7  lcd_clear               
000003fd  lcd_gotoxy              
0000043d  lcd_normal              
00000461  lcd_all                 
0000047d  lcd_mirror_x            
00000489  lcd_mirror_y            
00000495  lcd_putc                
000004f1  lcd_puts                
0000050d  LCDDataWrite            
00000541  LCDprintf               
000008a5  ConfigSystem            
000008ef  ConfigPIDTimer          
00000979  ConfigPWM               
00000a83  SetPWM                  
00000b03  ConfigEncoder           
00000b85  Config_LCD              
00000ba1  Config_Button1          
00000c75  ConfigUART              
00000e93  UARTPuts                
00000eb3  UARTPutn                
00000f61  CheckNetworkFrame       
00000ff9  PIDSpeedSet             
0000100f  PIDPositionSet          
0000103b  PIDPosCalc              
0000116f  PIDVerCalc              
000012c9  InitPID                 
000012ef  ConfigNetwork           
00001325  main                    
00001371  ButtonISR               
000013bb  LCD_Start               
00001599  HBridgeEnable           
000015a7  HBridgeDisable          
000015b5  Timer5ISR               
0000163b  BluetoothIntHandler     
00001669  EncoderISR              
000016e1  GPIOPadConfigSet        
00001811  SysCtlClockGet          
0000191d  __aeabi_memcpy          
0000191d  __aeabi_memcpy4         
0000191d  __aeabi_memcpy8         
0000191d  memcpy                  
000019b9  __aeabi_memclr          
000019b9  __aeabi_memclr4         
000019b9  __aeabi_memclr8         
000019bb  __aeabi_memset          
000019bb  __aeabi_memset4         
000019bb  __aeabi_memset8         
000019c1  memset                  
00001a33  __aeabi_idiv0           
00001a35  __TI_auto_init          
00001b0d  IntEnable               
00001b75  _c_int00                
00001c11  copy_in                 
00001c5d  GPIOPinConfigure        
00001ca5  C$$EXIT                 
00001ca9  abort                   
00001cb1  exit                    
00001ce9  UARTConfigSetExpClk     
00001dad  __aeabi_uidiv           
00001dad  __aeabi_uidivmod        
00001ded  IntRegister             
00001e21  SysCtlPeripheralEnable  
00001e55  GPIODirModeSet          
00001e81  UARTDisable             
00001e9d  GPIOIntRegister         
00001eb5  GPIOPinTypeGPIOOutput   
00001ecd  TimerIntRegister        
00001ee5  UARTIntRegister         
00001efd  _args_main              
00001f15  UARTEnable              
00001f29  _register_unlock        
00001f2f  _register_lock          
00001f37  _nop                    
00001f3d  GPIOPinTypeUART         
00001f4f  IntMasterEnable         
00001f5f  UARTCharPutNonBlocking  
00001f6d  __TI_decompress_none    
00001f7b  CPUcpsie                
00001f87  GPIOIntEnable           
00001f93  UARTCharsAvail          
00001f9f  __TI_zero_init          
00001fab  ResetISR                
00001fb7  UARTIntStatus           
00001fc1  UARTIntEnable           
00001fc9  GPIOIntClear            
00001fcf  GPIOPinWrite            
00001fd5  SysCtlDelay             
00001fdb  __TI_decompress_rle24   
00001fe1  _system_pre_init        
00001fe4  teamlogo2               
00002314  ASCII                   
00002990  __TI_Handler_Table_Base 
0000299c  __TI_Handler_Table_Limit
000029b0  __TI_CINIT_Base         
000029c8  __TI_CINIT_Limit        
20000000  g_pfnRAMVectors         
2000026c  __stack                 
2000046c  PIDPosition             
2000046c  __STACK_END             
2000046c  __STACK_TOP             
200004a4  PIDVelocity             
200004dc  UARTBuf                 
20000510  UART_Bluetooth          
20000520  p_UARTBuf               
20000530  Position                
20000534  Speed                   
20000538  Speedtemp               
2000053c  set                     
20000540  MaxSpeed                
20000544  _lock                   
20000548  _unlock                 
2000054c  __TI_cleanup_ptr        
20000550  __TI_dtors_ptr          
20000554  PIDVerLoop              
2000055c  main_func_sp            
ffffffff  __binit__               
ffffffff  __c_args__              
ffffffff  binit                   
UNDEFED   SHT$$INIT_ARRAY$$Base   
UNDEFED   SHT$$INIT_ARRAY$$Limit  

[125 symbols]
