<?xml version="1.0"?>
<link_info>
   <banner>TI ARM Linker PC v15.9.0.STS</banner>
   <copyright>Copyright (c) 1996-2015 Texas Instruments Incorporated</copyright>
   <link_time>0x56310daf</link_time>
   <link_errors>0x0</link_errors>
   <output_file>test1.out</output_file>
   <entry_point>
      <name>_c_int00</name>
      <address>0x1a11</address>
   </entry_point>
   <input_file_list>
      <input_file id="fl-2">
         <path>.\</path>
         <kind>object</kind>
         <file>main.obj</file>
         <name>main.obj</name>
      </input_file>
      <input_file id="fl-3">
         <path>.\</path>
         <kind>object</kind>
         <file>tm4c123gh6pm_startup_ccs.obj</file>
         <name>tm4c123gh6pm_startup_ccs.obj</name>
      </input_file>
      <input_file id="fl-4">
         <path>.\motorControl\</path>
         <kind>object</kind>
         <file>motorControl.obj</file>
         <name>motorControl.obj</name>
      </input_file>
      <input_file id="fl-5">
         <path>.\UART\</path>
         <kind>object</kind>
         <file>UART.obj</file>
         <name>UART.obj</name>
      </input_file>
      <input_file id="fl-6">
         <path>.\Timer\</path>
         <kind>object</kind>
         <file>Timer.obj</file>
         <name>Timer.obj</name>
      </input_file>
      <input_file id="fl-7">
         <path>.\QEI\</path>
         <kind>object</kind>
         <file>QEI.obj</file>
         <name>QEI.obj</name>
      </input_file>
      <input_file id="fl-8">
         <path>.\Processs\</path>
         <kind>object</kind>
         <file>Process.obj</file>
         <name>Process.obj</name>
      </input_file>
      <input_file id="fl-9">
         <path>.\PWM\</path>
         <kind>object</kind>
         <file>PWM.obj</file>
         <name>PWM.obj</name>
      </input_file>
      <input_file id="fl-a">
         <path>.\PID\</path>
         <kind>object</kind>
         <file>PID.obj</file>
         <name>PID.obj</name>
      </input_file>
      <input_file id="fl-b">
         <path>.\LED\</path>
         <kind>object</kind>
         <file>LED.obj</file>
         <name>LED.obj</name>
      </input_file>
      <input_file id="fl-c">
         <path>.\Button\</path>
         <kind>object</kind>
         <file>Button.obj</file>
         <name>Button.obj</name>
      </input_file>
      <input_file id="fl-c7">
         <path>C:\ti\ccsv6\tools\compiler\ti-cgt-arm_15.9.0.STS\lib\</path>
         <kind>archive</kind>
         <file>rtsv7M4_T_le_v4SPD16_eabi.lib</file>
         <name>boot.obj</name>
      </input_file>
      <input_file id="fl-c8">
         <path>C:\ti\ccsv6\tools\compiler\ti-cgt-arm_15.9.0.STS\lib\</path>
         <kind>archive</kind>
         <file>rtsv7M4_T_le_v4SPD16_eabi.lib</file>
         <name>copy_decompress_none.obj</name>
      </input_file>
      <input_file id="fl-c9">
         <path>C:\ti\ccsv6\tools\compiler\ti-cgt-arm_15.9.0.STS\lib\</path>
         <kind>archive</kind>
         <file>rtsv7M4_T_le_v4SPD16_eabi.lib</file>
         <name>copy_decompress_rle.obj</name>
      </input_file>
      <input_file id="fl-ca">
         <path>C:\ti\ccsv6\tools\compiler\ti-cgt-arm_15.9.0.STS\lib\</path>
         <kind>archive</kind>
         <file>rtsv7M4_T_le_v4SPD16_eabi.lib</file>
         <name>copy_zero_init.obj</name>
      </input_file>
      <input_file id="fl-cb">
         <path>C:\ti\ccsv6\tools\compiler\ti-cgt-arm_15.9.0.STS\lib\</path>
         <kind>archive</kind>
         <file>rtsv7M4_T_le_v4SPD16_eabi.lib</file>
         <name>exit.obj</name>
      </input_file>
      <input_file id="fl-cc">
         <path>C:\ti\ccsv6\tools\compiler\ti-cgt-arm_15.9.0.STS\lib\</path>
         <kind>archive</kind>
         <file>rtsv7M4_T_le_v4SPD16_eabi.lib</file>
         <name>fd_mul_t2.obj</name>
      </input_file>
      <input_file id="fl-cd">
         <path>C:\ti\ccsv6\tools\compiler\ti-cgt-arm_15.9.0.STS\lib\</path>
         <kind>archive</kind>
         <file>rtsv7M4_T_le_v4SPD16_eabi.lib</file>
         <name>fd_tou_t2.obj</name>
      </input_file>
      <input_file id="fl-ce">
         <path>C:\ti\ccsv6\tools\compiler\ti-cgt-arm_15.9.0.STS\lib\</path>
         <kind>archive</kind>
         <file>rtsv7M4_T_le_v4SPD16_eabi.lib</file>
         <name>memcpy_t2.obj</name>
      </input_file>
      <input_file id="fl-cf">
         <path>C:\ti\ccsv6\tools\compiler\ti-cgt-arm_15.9.0.STS\lib\</path>
         <kind>archive</kind>
         <file>rtsv7M4_T_le_v4SPD16_eabi.lib</file>
         <name>memset_t2.obj</name>
      </input_file>
      <input_file id="fl-d0">
         <path>C:\ti\ccsv6\tools\compiler\ti-cgt-arm_15.9.0.STS\lib\</path>
         <kind>archive</kind>
         <file>rtsv7M4_T_le_v4SPD16_eabi.lib</file>
         <name>pre_init.obj</name>
      </input_file>
      <input_file id="fl-d1">
         <path>C:\ti\ccsv6\tools\compiler\ti-cgt-arm_15.9.0.STS\lib\</path>
         <kind>archive</kind>
         <file>rtsv7M4_T_le_v4SPD16_eabi.lib</file>
         <name>stkdepth_vars.obj</name>
      </input_file>
      <input_file id="fl-d2">
         <path>C:\ti\ccsv6\tools\compiler\ti-cgt-arm_15.9.0.STS\lib\</path>
         <kind>archive</kind>
         <file>rtsv7M4_T_le_v4SPD16_eabi.lib</file>
         <name>u_tofd_t2.obj</name>
      </input_file>
      <input_file id="fl-d3">
         <path>C:\ti\ccsv6\tools\compiler\ti-cgt-arm_15.9.0.STS\lib\</path>
         <kind>archive</kind>
         <file>rtsv7M4_T_le_v4SPD16_eabi.lib</file>
         <name>_lock.obj</name>
      </input_file>
      <input_file id="fl-d4">
         <path>C:\ti\ccsv6\tools\compiler\ti-cgt-arm_15.9.0.STS\lib\</path>
         <kind>archive</kind>
         <file>rtsv7M4_T_le_v4SPD16_eabi.lib</file>
         <name>args_main.obj</name>
      </input_file>
      <input_file id="fl-d5">
         <path>C:\ti\ccsv6\tools\compiler\ti-cgt-arm_15.9.0.STS\lib\</path>
         <kind>archive</kind>
         <file>rtsv7M4_T_le_v4SPD16_eabi.lib</file>
         <name>autoinit.obj</name>
      </input_file>
      <input_file id="fl-d6">
         <path>C:\ti\ccsv6\tools\compiler\ti-cgt-arm_15.9.0.STS\lib\</path>
         <kind>archive</kind>
         <file>rtsv7M4_T_le_v4SPD16_eabi.lib</file>
         <name>cpy_tbl.obj</name>
      </input_file>
      <input_file id="fl-d7">
         <path>G:\ti\TivaWare_C_Series-2.1.1.71\driverlib\ccs\Debug\</path>
         <kind>archive</kind>
         <file>driverlib.lib</file>
         <name>gpio.obj</name>
      </input_file>
      <input_file id="fl-d8">
         <path>G:\ti\TivaWare_C_Series-2.1.1.71\driverlib\ccs\Debug\</path>
         <kind>archive</kind>
         <file>driverlib.lib</file>
         <name>interrupt.obj</name>
      </input_file>
      <input_file id="fl-d9">
         <path>G:\ti\TivaWare_C_Series-2.1.1.71\driverlib\ccs\Debug\</path>
         <kind>archive</kind>
         <file>driverlib.lib</file>
         <name>qei.obj</name>
      </input_file>
      <input_file id="fl-da">
         <path>G:\ti\TivaWare_C_Series-2.1.1.71\driverlib\ccs\Debug\</path>
         <kind>archive</kind>
         <file>driverlib.lib</file>
         <name>sysctl.obj</name>
      </input_file>
      <input_file id="fl-db">
         <path>G:\ti\TivaWare_C_Series-2.1.1.71\driverlib\ccs\Debug\</path>
         <kind>archive</kind>
         <file>driverlib.lib</file>
         <name>timer.obj</name>
      </input_file>
      <input_file id="fl-dc">
         <path>G:\ti\TivaWare_C_Series-2.1.1.71\driverlib\ccs\Debug\</path>
         <kind>archive</kind>
         <file>driverlib.lib</file>
         <name>uart.obj</name>
      </input_file>
      <input_file id="fl-dd">
         <path>G:\ti\TivaWare_C_Series-2.1.1.71\driverlib\ccs\Debug\</path>
         <kind>archive</kind>
         <file>driverlib.lib</file>
         <name>cpu.obj</name>
      </input_file>
   </input_file_list>
   <object_component_list>
      <object_component id="oc-f">
         <name>.intvecs</name>
         <load_address>0x0</load_address>
         <run_address>0x0</run_address>
         <size>0x26c</size>
         <input_file_ref idref="fl-3"/>
      </object_component>
      <object_component id="oc-ca">
         <name>.text</name>
         <load_address>0x26c</load_address>
         <run_address>0x26c</run_address>
         <size>0x4e4</size>
         <input_file_ref idref="fl-5"/>
      </object_component>
      <object_component id="oc-103">
         <name>.text</name>
         <load_address>0x750</load_address>
         <run_address>0x750</run_address>
         <size>0x40c</size>
         <input_file_ref idref="fl-a"/>
      </object_component>
      <object_component id="oc-dc">
         <name>.text</name>
         <load_address>0xb5c</load_address>
         <run_address>0xb5c</run_address>
         <size>0x230</size>
         <input_file_ref idref="fl-7"/>
      </object_component>
      <object_component id="oc-fd">
         <name>.text</name>
         <load_address>0xd8c</load_address>
         <run_address>0xd8c</run_address>
         <size>0x1dc</size>
         <input_file_ref idref="fl-9"/>
      </object_component>
      <object_component id="oc-109">
         <name>.text</name>
         <load_address>0xf68</load_address>
         <run_address>0xf68</run_address>
         <size>0x15c</size>
         <input_file_ref idref="fl-8"/>
      </object_component>
      <object_component id="oc-1a3">
         <name>.text:GPIOPadConfigSet</name>
         <load_address>0x10c4</load_address>
         <run_address>0x10c4</run_address>
         <size>0x130</size>
         <input_file_ref idref="fl-d7"/>
      </object_component>
      <object_component id="oc-e2">
         <name>.text:SysCtlClockGet</name>
         <load_address>0x11f4</load_address>
         <run_address>0x11f4</run_address>
         <size>0x10c</size>
         <input_file_ref idref="fl-da"/>
      </object_component>
      <object_component id="oc-ed">
         <name>.text</name>
         <load_address>0x1300</load_address>
         <run_address>0x1300</run_address>
         <size>0xfc</size>
         <input_file_ref idref="fl-cc"/>
      </object_component>
      <object_component id="oc-c4">
         <name>.text:SysCtlClockSet</name>
         <load_address>0x13fc</load_address>
         <run_address>0x13fc</run_address>
         <size>0xf0</size>
         <input_file_ref idref="fl-da"/>
      </object_component>
      <object_component id="oc-34">
         <name>.text</name>
         <load_address>0x14ec</load_address>
         <run_address>0x14ec</run_address>
         <size>0x9c</size>
         <input_file_ref idref="fl-ce"/>
      </object_component>
      <object_component id="oc-10f">
         <name>.text</name>
         <load_address>0x1588</load_address>
         <run_address>0x1588</run_address>
         <size>0x94</size>
         <input_file_ref idref="fl-4"/>
      </object_component>
      <object_component id="oc-f7">
         <name>.text</name>
         <load_address>0x161c</load_address>
         <run_address>0x161c</run_address>
         <size>0x88</size>
         <input_file_ref idref="fl-6"/>
      </object_component>
      <object_component id="oc-9e">
         <name>.text</name>
         <load_address>0x16a4</load_address>
         <run_address>0x16a4</run_address>
         <size>0x88</size>
         <input_file_ref idref="fl-2"/>
      </object_component>
      <object_component id="oc-4d">
         <name>.text</name>
         <load_address>0x172c</load_address>
         <run_address>0x172c</run_address>
         <size>0x7a</size>
         <input_file_ref idref="fl-cf"/>
      </object_component>
      <object_component id="oc-d6">
         <name>.text</name>
         <load_address>0x17a8</load_address>
         <run_address>0x17a8</run_address>
         <size>0x70</size>
         <input_file_ref idref="fl-c"/>
      </object_component>
      <object_component id="oc-5f">
         <name>.text</name>
         <load_address>0x1818</load_address>
         <run_address>0x1818</run_address>
         <size>0x6c</size>
         <input_file_ref idref="fl-d5"/>
      </object_component>
      <object_component id="oc-40">
         <name>.text</name>
         <load_address>0x1884</load_address>
         <run_address>0x1884</run_address>
         <size>0x6a</size>
         <input_file_ref idref="fl-c9"/>
      </object_component>
      <object_component id="oc-1bb">
         <name>.text:IntEnable</name>
         <load_address>0x18f0</load_address>
         <run_address>0x18f0</run_address>
         <size>0x68</size>
         <input_file_ref idref="fl-d8"/>
      </object_component>
      <object_component id="oc-22a">
         <name>.text:TimerConfigure</name>
         <load_address>0x1958</load_address>
         <run_address>0x1958</run_address>
         <size>0x60</size>
         <input_file_ref idref="fl-db"/>
      </object_component>
      <object_component id="oc-1a9">
         <name>.text:GPIOIntTypeSet</name>
         <load_address>0x19b8</load_address>
         <run_address>0x19b8</run_address>
         <size>0x56</size>
         <input_file_ref idref="fl-d7"/>
      </object_component>
      <object_component id="oc-24">
         <name>.text</name>
         <load_address>0x1a10</load_address>
         <run_address>0x1a10</run_address>
         <size>0x50</size>
         <input_file_ref idref="fl-c7"/>
      </object_component>
      <object_component id="oc-305">
         <name>.text:_TimerIntNumberGet</name>
         <load_address>0x1a60</load_address>
         <run_address>0x1a60</run_address>
         <size>0x4c</size>
         <input_file_ref idref="fl-db"/>
      </object_component>
      <object_component id="oc-96">
         <name>.text</name>
         <load_address>0x1aac</load_address>
         <run_address>0x1aac</run_address>
         <size>0x4c</size>
         <input_file_ref idref="fl-d6"/>
      </object_component>
      <object_component id="oc-149">
         <name>.text:GPIOPinConfigure</name>
         <load_address>0x1af8</load_address>
         <run_address>0x1af8</run_address>
         <size>0x48</size>
         <input_file_ref idref="fl-d7"/>
      </object_component>
      <object_component id="oc-2ed">
         <name>.text:_QEIIntNumberGet</name>
         <load_address>0x1b40</load_address>
         <run_address>0x1b40</run_address>
         <size>0x48</size>
         <input_file_ref idref="fl-d9"/>
      </object_component>
      <object_component id="oc-6b">
         <name>.text</name>
         <load_address>0x1b88</load_address>
         <run_address>0x1b88</run_address>
         <size>0x44</size>
         <input_file_ref idref="fl-cb"/>
      </object_component>
      <object_component id="oc-f2">
         <name>.text</name>
         <load_address>0x1bcc</load_address>
         <run_address>0x1bcc</run_address>
         <size>0x44</size>
         <input_file_ref idref="fl-cd"/>
      </object_component>
      <object_component id="oc-14f">
         <name>.text:UARTConfigSetExpClk</name>
         <load_address>0x1c10</load_address>
         <run_address>0x1c10</run_address>
         <size>0x42</size>
         <input_file_ref idref="fl-dc"/>
      </object_component>
      <object_component id="oc-2d8">
         <name>.text:_GPIOIntNumberGet</name>
         <load_address>0x1c54</load_address>
         <run_address>0x1c54</run_address>
         <size>0x40</size>
         <input_file_ref idref="fl-d7"/>
      </object_component>
      <object_component id="oc-2b3">
         <name>.text:_UARTIntNumberGet</name>
         <load_address>0x1c94</load_address>
         <run_address>0x1c94</run_address>
         <size>0x40</size>
         <input_file_ref idref="fl-dc"/>
      </object_component>
      <object_component id="oc-2b9">
         <name>.text:IntRegister</name>
         <load_address>0x1cd4</load_address>
         <run_address>0x1cd4</run_address>
         <size>0x34</size>
         <input_file_ref idref="fl-d8"/>
      </object_component>
      <object_component id="oc-13d">
         <name>.text:SysCtlPeripheralEnable</name>
         <load_address>0x1d08</load_address>
         <run_address>0x1d08</run_address>
         <size>0x34</size>
         <input_file_ref idref="fl-da"/>
      </object_component>
      <object_component id="oc-19d">
         <name>.text:GPIODirModeSet</name>
         <load_address>0x1d3c</load_address>
         <run_address>0x1d3c</run_address>
         <size>0x2a</size>
         <input_file_ref idref="fl-d7"/>
      </object_component>
      <object_component id="oc-e8">
         <name>.text</name>
         <load_address>0x1d66</load_address>
         <run_address>0x1d66</run_address>
         <size>0x20</size>
         <input_file_ref idref="fl-d2"/>
      </object_component>
      <object_component id="oc-d0">
         <name>.text</name>
         <load_address>0x1d88</load_address>
         <run_address>0x1d88</run_address>
         <size>0x1c</size>
         <input_file_ref idref="fl-b"/>
      </object_component>
      <object_component id="oc-2ab">
         <name>.text:UARTDisable</name>
         <load_address>0x1da4</load_address>
         <run_address>0x1da4</run_address>
         <size>0x1c</size>
         <input_file_ref idref="fl-dc"/>
      </object_component>
      <object_component id="oc-1af">
         <name>.text:GPIOIntRegister</name>
         <load_address>0x1dc0</load_address>
         <run_address>0x1dc0</run_address>
         <size>0x18</size>
         <input_file_ref idref="fl-d7"/>
      </object_component>
      <object_component id="oc-196">
         <name>.text:GPIOPinTypeGPIOOutput</name>
         <load_address>0x1dd8</load_address>
         <run_address>0x1dd8</run_address>
         <size>0x18</size>
         <input_file_ref idref="fl-d7"/>
      </object_component>
      <object_component id="oc-1ec">
         <name>.text:QEIIntRegister</name>
         <load_address>0x1df0</load_address>
         <run_address>0x1df0</run_address>
         <size>0x18</size>
         <input_file_ref idref="fl-d9"/>
      </object_component>
      <object_component id="oc-26a">
         <name>.text:TimerControlLevel</name>
         <load_address>0x1e08</load_address>
         <run_address>0x1e08</run_address>
         <size>0x18</size>
         <input_file_ref idref="fl-db"/>
      </object_component>
      <object_component id="oc-23c">
         <name>.text:TimerIntRegister</name>
         <load_address>0x1e20</load_address>
         <run_address>0x1e20</run_address>
         <size>0x18</size>
         <input_file_ref idref="fl-db"/>
      </object_component>
      <object_component id="oc-155">
         <name>.text:UARTIntRegister</name>
         <load_address>0x1e38</load_address>
         <run_address>0x1e38</run_address>
         <size>0x18</size>
         <input_file_ref idref="fl-dc"/>
      </object_component>
      <object_component id="oc-65">
         <name>.text</name>
         <load_address>0x1e50</load_address>
         <run_address>0x1e50</run_address>
         <size>0x18</size>
         <input_file_ref idref="fl-d4"/>
      </object_component>
      <object_component id="oc-161">
         <name>.text:UARTEnable</name>
         <load_address>0x1e68</load_address>
         <run_address>0x1e68</run_address>
         <size>0x14</size>
         <input_file_ref idref="fl-dc"/>
      </object_component>
      <object_component id="oc-125">
         <name>.text</name>
         <load_address>0x1e7c</load_address>
         <run_address>0x1e7c</run_address>
         <size>0x14</size>
         <input_file_ref idref="fl-d3"/>
      </object_component>
      <object_component id="oc-1d4">
         <name>.text:GPIOPinTypeQEI</name>
         <load_address>0x1e90</load_address>
         <run_address>0x1e90</run_address>
         <size>0x12</size>
         <input_file_ref idref="fl-d7"/>
      </object_component>
      <object_component id="oc-25e">
         <name>.text:GPIOPinTypeTimer</name>
         <load_address>0x1ea2</load_address>
         <run_address>0x1ea2</run_address>
         <size>0x12</size>
         <input_file_ref idref="fl-d7"/>
      </object_component>
      <object_component id="oc-143">
         <name>.text:GPIOPinTypeUART</name>
         <load_address>0x1eb4</load_address>
         <run_address>0x1eb4</run_address>
         <size>0x12</size>
         <input_file_ref idref="fl-d7"/>
      </object_component>
      <object_component id="oc-230">
         <name>.text:TimerLoadSet</name>
         <load_address>0x1ec6</load_address>
         <run_address>0x1ec6</run_address>
         <size>0x12</size>
         <input_file_ref idref="fl-db"/>
      </object_component>
      <object_component id="oc-264">
         <name>.text:TimerMatchSet</name>
         <load_address>0x1ed8</load_address>
         <run_address>0x1ed8</run_address>
         <size>0x12</size>
         <input_file_ref idref="fl-db"/>
      </object_component>
      <object_component id="oc-167">
         <name>.text:IntMasterEnable</name>
         <load_address>0x1eea</load_address>
         <run_address>0x1eea</run_address>
         <size>0x10</size>
         <input_file_ref idref="fl-d8"/>
      </object_component>
      <object_component id="oc-1da">
         <name>.text:QEIVelocityConfigure</name>
         <load_address>0x1efa</load_address>
         <run_address>0x1efa</run_address>
         <size>0x10</size>
         <input_file_ref idref="fl-d9"/>
      </object_component>
      <object_component id="oc-1c1">
         <name>.text:GPIOIntStatus</name>
         <load_address>0x1f0a</load_address>
         <run_address>0x1f0a</run_address>
         <size>0xe</size>
         <input_file_ref idref="fl-d7"/>
      </object_component>
      <object_component id="oc-1ce">
         <name>.text:QEIConfigure</name>
         <load_address>0x1f18</load_address>
         <run_address>0x1f18</run_address>
         <size>0xe</size>
         <input_file_ref idref="fl-d9"/>
      </object_component>
      <object_component id="oc-20a">
         <name>.text:QEIDirectionGet</name>
         <load_address>0x1f26</load_address>
         <run_address>0x1f26</run_address>
         <size>0xe</size>
         <input_file_ref idref="fl-d9"/>
      </object_component>
      <object_component id="oc-242">
         <name>.text:TimerEnable</name>
         <load_address>0x1f34</load_address>
         <run_address>0x1f34</run_address>
         <size>0xe</size>
         <input_file_ref idref="fl-db"/>
      </object_component>
      <object_component id="oc-185">
         <name>.text:UARTCharPutNonBlocking</name>
         <load_address>0x1f42</load_address>
         <run_address>0x1f42</run_address>
         <size>0xe</size>
         <input_file_ref idref="fl-dc"/>
      </object_component>
      <object_component id="oc-12">
         <name>.text:decompress:none</name>
         <load_address>0x1f50</load_address>
         <run_address>0x1f50</run_address>
         <size>0xe</size>
         <input_file_ref idref="fl-c8"/>
      </object_component>
      <object_component id="oc-2c2">
         <name>.text:CPUcpsie</name>
         <load_address>0x1f5e</load_address>
         <run_address>0x1f5e</run_address>
         <size>0xc</size>
         <input_file_ref idref="fl-dd"/>
      </object_component>
      <object_component id="oc-1b5">
         <name>.text:GPIOIntEnable</name>
         <load_address>0x1f6a</load_address>
         <run_address>0x1f6a</run_address>
         <size>0xc</size>
         <input_file_ref idref="fl-d7"/>
      </object_component>
      <object_component id="oc-17f">
         <name>.text:UARTCharsAvail</name>
         <load_address>0x1f76</load_address>
         <run_address>0x1f76</run_address>
         <size>0xc</size>
         <input_file_ref idref="fl-dc"/>
      </object_component>
      <object_component id="oc-1e">
         <name>.text:decompress:ZI</name>
         <load_address>0x1f82</load_address>
         <run_address>0x1f82</run_address>
         <size>0xc</size>
         <input_file_ref idref="fl-ca"/>
      </object_component>
      <object_component id="oc-2b">
         <name>.text</name>
         <load_address>0x1f8e</load_address>
         <run_address>0x1f8e</run_address>
         <size>0xc</size>
         <input_file_ref idref="fl-3"/>
      </object_component>
      <object_component id="oc-1e6">
         <name>.text:QEIEnable</name>
         <load_address>0x1f9a</load_address>
         <run_address>0x1f9a</run_address>
         <size>0xa</size>
         <input_file_ref idref="fl-d9"/>
      </object_component>
      <object_component id="oc-1f8">
         <name>.text:QEIIntStatus</name>
         <load_address>0x1fa4</load_address>
         <run_address>0x1fa4</run_address>
         <size>0xa</size>
         <input_file_ref idref="fl-d9"/>
      </object_component>
      <object_component id="oc-1e0">
         <name>.text:QEIVelocityEnable</name>
         <load_address>0x1fae</load_address>
         <run_address>0x1fae</run_address>
         <size>0xa</size>
         <input_file_ref idref="fl-d9"/>
      </object_component>
      <object_component id="oc-248">
         <name>.text:TimerIntStatus</name>
         <load_address>0x1fb8</load_address>
         <run_address>0x1fb8</run_address>
         <size>0xa</size>
         <input_file_ref idref="fl-db"/>
      </object_component>
      <object_component id="oc-179">
         <name>.text:UARTCharGet</name>
         <load_address>0x1fc2</load_address>
         <run_address>0x1fc2</run_address>
         <size>0xa</size>
         <input_file_ref idref="fl-dc"/>
      </object_component>
      <object_component id="oc-281">
         <name>.text:UARTCharPut</name>
         <load_address>0x1fcc</load_address>
         <run_address>0x1fcc</run_address>
         <size>0xa</size>
         <input_file_ref idref="fl-dc"/>
      </object_component>
      <object_component id="oc-16d">
         <name>.text:UARTIntStatus</name>
         <load_address>0x1fd6</load_address>
         <run_address>0x1fd6</run_address>
         <size>0xa</size>
         <input_file_ref idref="fl-dc"/>
      </object_component>
      <object_component id="oc-1f2">
         <name>.text:QEIIntEnable</name>
         <load_address>0x1fe0</load_address>
         <run_address>0x1fe0</run_address>
         <size>0x8</size>
         <input_file_ref idref="fl-d9"/>
      </object_component>
      <object_component id="oc-236">
         <name>.text:TimerIntEnable</name>
         <load_address>0x1fe8</load_address>
         <run_address>0x1fe8</run_address>
         <size>0x8</size>
         <input_file_ref idref="fl-db"/>
      </object_component>
      <object_component id="oc-15b">
         <name>.text:UARTIntEnable</name>
         <load_address>0x1ff0</load_address>
         <run_address>0x1ff0</run_address>
         <size>0x8</size>
         <input_file_ref idref="fl-dc"/>
      </object_component>
      <object_component id="oc-1c7">
         <name>.text:GPIOIntClear</name>
         <load_address>0x1ff8</load_address>
         <run_address>0x1ff8</run_address>
         <size>0x6</size>
         <input_file_ref idref="fl-d7"/>
      </object_component>
      <object_component id="oc-277">
         <name>.text:GPIOPinRead</name>
         <load_address>0x1ffe</load_address>
         <run_address>0x1ffe</run_address>
         <size>0x6</size>
         <input_file_ref idref="fl-d7"/>
      </object_component>
      <object_component id="oc-258">
         <name>.text:GPIOPinWrite</name>
         <load_address>0x2004</load_address>
         <run_address>0x2004</run_address>
         <size>0x6</size>
         <input_file_ref idref="fl-d7"/>
      </object_component>
      <object_component id="oc-13a">
         <name>.text:SysCtlDelay</name>
         <load_address>0x200a</load_address>
         <run_address>0x200a</run_address>
         <size>0x6</size>
         <input_file_ref idref="fl-da"/>
      </object_component>
      <object_component id="oc-18">
         <name>.text:decompress:rle24</name>
         <load_address>0x2010</load_address>
         <run_address>0x2010</run_address>
         <size>0x6</size>
         <input_file_ref idref="fl-c9"/>
      </object_component>
      <object_component id="oc-1fe">
         <name>.text:QEIIntClear</name>
         <load_address>0x2016</load_address>
         <run_address>0x2016</run_address>
         <size>0x4</size>
         <input_file_ref idref="fl-d9"/>
      </object_component>
      <object_component id="oc-210">
         <name>.text:QEIPositionGet</name>
         <load_address>0x201a</load_address>
         <run_address>0x201a</run_address>
         <size>0x4</size>
         <input_file_ref idref="fl-d9"/>
      </object_component>
      <object_component id="oc-216">
         <name>.text:QEIPositionSet</name>
         <load_address>0x201e</load_address>
         <run_address>0x201e</run_address>
         <size>0x4</size>
         <input_file_ref idref="fl-d9"/>
      </object_component>
      <object_component id="oc-204">
         <name>.text:QEIVelocityGet</name>
         <load_address>0x2022</load_address>
         <run_address>0x2022</run_address>
         <size>0x4</size>
         <input_file_ref idref="fl-d9"/>
      </object_component>
      <object_component id="oc-24e">
         <name>.text:TimerIntClear</name>
         <load_address>0x2026</load_address>
         <run_address>0x2026</run_address>
         <size>0x4</size>
         <input_file_ref idref="fl-db"/>
      </object_component>
      <object_component id="oc-173">
         <name>.text:UARTIntClear</name>
         <load_address>0x202a</load_address>
         <run_address>0x202a</run_address>
         <size>0x4</size>
         <input_file_ref idref="fl-dc"/>
      </object_component>
      <object_component id="oc-59">
         <name>.text</name>
         <load_address>0x202e</load_address>
         <run_address>0x202e</run_address>
         <size>0x4</size>
         <input_file_ref idref="fl-d0"/>
      </object_component>
      <object_component id="oc-33b">
         <name>.const:g_ppui32GPIOIntMapBlizzard</name>
         <load_address>0x2034</load_address>
         <run_address>0x2034</run_address>
         <size>0xc0</size>
         <input_file_ref idref="fl-d7"/>
      </object_component>
      <object_component id="oc-33e">
         <name>.const:g_ppui32GPIOIntMapSnowflake</name>
         <load_address>0x20f4</load_address>
         <run_address>0x20f4</run_address>
         <size>0xc0</size>
         <input_file_ref idref="fl-d7"/>
      </object_component>
      <object_component id="oc-2a7">
         <name>.const:g_pui32GPIOBaseAddrs</name>
         <load_address>0x21b4</load_address>
         <run_address>0x21b4</run_address>
         <size>0x90</size>
         <input_file_ref idref="fl-d7"/>
      </object_component>
      <object_component id="oc-2e0">
         <name>.const</name>
         <load_address>0x2244</load_address>
         <run_address>0x2244</run_address>
         <size>0x70</size>
         <input_file_ref idref="fl-d8"/>
      </object_component>
      <object_component id="oc-223">
         <name>.const:g_pui32Xtals</name>
         <load_address>0x22b4</load_address>
         <run_address>0x22b4</run_address>
         <size>0x6c</size>
         <input_file_ref idref="fl-da"/>
      </object_component>
      <object_component id="oc-34b">
         <name>.const:g_ppui32TimerIntMap</name>
         <load_address>0x2320</load_address>
         <run_address>0x2320</run_address>
         <size>0x60</size>
         <input_file_ref idref="fl-db"/>
      </object_component>
      <object_component id="oc-34e">
         <name>.const:g_ppui32TimerIntMapSnowflake</name>
         <load_address>0x2380</load_address>
         <run_address>0x2380</run_address>
         <size>0x40</size>
         <input_file_ref idref="fl-db"/>
      </object_component>
      <object_component id="oc-32f">
         <name>.const:g_ppui32UARTIntMap</name>
         <load_address>0x23c0</load_address>
         <run_address>0x23c0</run_address>
         <size>0x40</size>
         <input_file_ref idref="fl-dc"/>
      </object_component>
      <object_component id="oc-332">
         <name>.const:g_ppui32UARTIntMapSnowflake</name>
         <load_address>0x2400</load_address>
         <run_address>0x2400</run_address>
         <size>0x40</size>
         <input_file_ref idref="fl-dc"/>
      </object_component>
      <object_component id="oc-115">
         <name>.const</name>
         <load_address>0x2440</load_address>
         <run_address>0x2440</run_address>
         <size>0x10</size>
         <input_file_ref idref="fl-2"/>
      </object_component>
      <object_component id="oc-384">
         <name>.cinit..data.load</name>
         <load_address>0x2450</load_address>
         <run_address>0x2450</run_address>
         <size>0x3e</size>
      </object_component>
      <object_component id="oc-381">
         <name>__TI_handler_table</name>
         <load_address>0x2490</load_address>
         <run_address>0x2490</run_address>
         <size>0xc</size>
      </object_component>
      <object_component id="oc-385">
         <name>.cinit..bss.load</name>
         <load_address>0x24a0</load_address>
         <run_address>0x24a0</run_address>
         <size>0x8</size>
      </object_component>
      <object_component id="oc-383">
         <name>.cinit..vtable.load</name>
         <load_address>0x24a8</load_address>
         <run_address>0x24a8</run_address>
         <size>0x8</size>
      </object_component>
      <object_component id="oc-382">
         <name>__TI_cinit_table</name>
         <load_address>0x24b0</load_address>
         <run_address>0x24b0</run_address>
         <size>0x18</size>
      </object_component>
      <object_component id="oc-336">
         <name>.vtable</name>
         <uninitialized>true</uninitialized>
         <run_address>0x20000000</run_address>
         <size>0x26c</size>
         <input_file_ref idref="fl-d8"/>
      </object_component>
      <object_component id="oc-2a">
         <name>.stack</name>
         <uninitialized>true</uninitialized>
         <run_address>0x2000086c</run_address>
         <size>0x0</size>
         <input_file_ref idref="fl-c7"/>
      </object_component>
      <object_component id="oc-386">
         <name>.stack</name>
         <uninitialized>true</uninitialized>
         <run_address>0x2000086c</run_address>
         <size>0x0</size>
      </object_component>
      <object_component id="oc-18f">
         <name>.bss:rxBuffer</name>
         <uninitialized>true</uninitialized>
         <run_address>0x2000026c</run_address>
         <size>0x5dc</size>
         <input_file_ref idref="fl-5"/>
      </object_component>
      <object_component id="oc-18b">
         <name>.common:rxHead</name>
         <uninitialized>true</uninitialized>
         <run_address>0x20000864</run_address>
         <size>0x2</size>
      </object_component>
      <object_component id="oc-18e">
         <name>.common:rxTail</name>
         <uninitialized>true</uninitialized>
         <run_address>0x20000866</run_address>
         <size>0x2</size>
      </object_component>
      <object_component id="oc-254">
         <name>.common:ControlFlag</name>
         <uninitialized>true</uninitialized>
         <run_address>0x20000868</run_address>
         <size>0x1</size>
      </object_component>
      <object_component id="oc-21f">
         <name>.common:qei_velocity_timeout</name>
         <uninitialized>true</uninitialized>
         <run_address>0x20000854</run_address>
         <size>0x4</size>
      </object_component>
      <object_component id="oc-287">
         <name>.common:speedleft</name>
         <uninitialized>true</uninitialized>
         <run_address>0x20000858</run_address>
         <size>0x4</size>
      </object_component>
      <object_component id="oc-28a">
         <name>.common:speedright</name>
         <uninitialized>true</uninitialized>
         <run_address>0x2000085c</run_address>
         <size>0x4</size>
      </object_component>
      <object_component id="oc-28c">
         <name>.common:speedset</name>
         <uninitialized>true</uninitialized>
         <run_address>0x20000860</run_address>
         <size>0x4</size>
      </object_component>
      <object_component id="oc-28b">
         <name>.common:enc</name>
         <uninitialized>true</uninitialized>
         <run_address>0x20000850</run_address>
         <size>0x4</size>
      </object_component>
      <object_component id="oc-27d">
         <name>.common:recv</name>
         <uninitialized>true</uninitialized>
         <run_address>0x20000848</run_address>
         <size>0x8</size>
      </object_component>
      <object_component id="oc-28e">
         <name>.data</name>
         <load_address>0x20000adc</load_address>
         <run_address>0x20000adc</run_address>
         <size>0xa</size>
         <input_file_ref idref="fl-4"/>
      </object_component>
      <object_component id="oc-192">
         <name>.data</name>
         <load_address>0x20000ae6</load_address>
         <run_address>0x20000ae6</run_address>
         <size>0x2</size>
         <input_file_ref idref="fl-5"/>
      </object_component>
      <object_component id="oc-21c">
         <name>.data</name>
         <load_address>0x20000ae8</load_address>
         <run_address>0x20000ae8</run_address>
         <size>0x8</size>
         <input_file_ref idref="fl-7"/>
      </object_component>
      <object_component id="oc-271">
         <name>.data:PIDVelocity</name>
         <load_address>0x20000aa4</load_address>
         <run_address>0x20000aa4</run_address>
         <size>0x38</size>
         <input_file_ref idref="fl-a"/>
      </object_component>
      <object_component id="oc-274">
         <name>.data:PIDPosition</name>
         <load_address>0x20000a6c</load_address>
         <run_address>0x20000a6c</run_address>
         <size>0x38</size>
         <input_file_ref idref="fl-a"/>
      </object_component>
      <object_component id="oc-a9">
         <name>.data</name>
         <load_address>0x20000af8</load_address>
         <run_address>0x20000af8</run_address>
         <size>0x8</size>
         <input_file_ref idref="fl-cb"/>
      </object_component>
      <object_component id="oc-71">
         <name>.data</name>
         <load_address>0x20000b00</load_address>
         <run_address>0x20000b00</run_address>
         <size>0x4</size>
         <input_file_ref idref="fl-d1"/>
      </object_component>
      <object_component id="oc-a6">
         <name>.data</name>
         <load_address>0x20000af0</load_address>
         <run_address>0x20000af0</run_address>
         <size>0x8</size>
         <input_file_ref idref="fl-d3"/>
      </object_component>
      <object_component id="oc-299">
         <name>.debug_info</name>
         <load_address>0x0</load_address>
         <run_address>0x0</run_address>
         <size>0x384</size>
         <input_file_ref idref="fl-2"/>
      </object_component>
      <object_component id="oc-116">
         <name>.debug_info</name>
         <load_address>0x384</load_address>
         <run_address>0x384</run_address>
         <size>0xb5</size>
         <input_file_ref idref="fl-2"/>
      </object_component>
      <object_component id="oc-9f">
         <name>.debug_info</name>
         <load_address>0x439</load_address>
         <run_address>0x439</run_address>
         <size>0x25c</size>
         <input_file_ref idref="fl-2"/>
      </object_component>
      <object_component id="oc-292">
         <name>.debug_info</name>
         <load_address>0x695</load_address>
         <run_address>0x695</run_address>
         <size>0x48</size>
         <input_file_ref idref="fl-2"/>
      </object_component>
      <object_component id="oc-119">
         <name>.debug_info</name>
         <load_address>0x6dd</load_address>
         <run_address>0x6dd</run_address>
         <size>0x101</size>
         <input_file_ref idref="fl-2"/>
      </object_component>
      <object_component id="oc-317">
         <name>.debug_info</name>
         <load_address>0x7de</load_address>
         <run_address>0x7de</run_address>
         <size>0x14e</size>
         <input_file_ref idref="fl-2"/>
      </object_component>
      <object_component id="oc-b1">
         <name>.debug_info</name>
         <load_address>0x92c</load_address>
         <run_address>0x92c</run_address>
         <size>0x8b</size>
         <input_file_ref idref="fl-2"/>
      </object_component>
      <object_component id="oc-78">
         <name>.debug_info</name>
         <load_address>0x9b7</load_address>
         <run_address>0x9b7</run_address>
         <size>0x18b</size>
         <input_file_ref idref="fl-2"/>
      </object_component>
      <object_component id="oc-8d">
         <name>.debug_info</name>
         <load_address>0xb42</load_address>
         <run_address>0xb42</run_address>
         <size>0x2c</size>
         <input_file_ref idref="fl-2"/>
      </object_component>
      <object_component id="oc-33">
         <name>.debug_info</name>
         <load_address>0xb6e</load_address>
         <run_address>0xb6e</run_address>
         <size>0xe9</size>
         <input_file_ref idref="fl-3"/>
      </object_component>
      <object_component id="oc-10">
         <name>.debug_info</name>
         <load_address>0xc57</load_address>
         <run_address>0xc57</run_address>
         <size>0xd4</size>
         <input_file_ref idref="fl-3"/>
      </object_component>
      <object_component id="oc-2c">
         <name>.debug_info</name>
         <load_address>0xd2b</load_address>
         <run_address>0xd2b</run_address>
         <size>0x250</size>
         <input_file_ref idref="fl-3"/>
      </object_component>
      <object_component id="oc-85">
         <name>.debug_info</name>
         <load_address>0xf7b</load_address>
         <run_address>0xf7b</run_address>
         <size>0x84</size>
         <input_file_ref idref="fl-3"/>
      </object_component>
      <object_component id="oc-28f">
         <name>.debug_info</name>
         <load_address>0xfff</load_address>
         <run_address>0xfff</run_address>
         <size>0x15c</size>
         <input_file_ref idref="fl-4"/>
      </object_component>
      <object_component id="oc-110">
         <name>.debug_info</name>
         <load_address>0x115b</load_address>
         <run_address>0x115b</run_address>
         <size>0x244</size>
         <input_file_ref idref="fl-4"/>
      </object_component>
      <object_component id="oc-18c">
         <name>.debug_info</name>
         <load_address>0x139f</load_address>
         <run_address>0x139f</run_address>
         <size>0x43c</size>
         <input_file_ref idref="fl-5"/>
      </object_component>
      <object_component id="oc-190">
         <name>.debug_info</name>
         <load_address>0x17db</load_address>
         <run_address>0x17db</run_address>
         <size>0xbc</size>
         <input_file_ref idref="fl-5"/>
      </object_component>
      <object_component id="oc-193">
         <name>.debug_info</name>
         <load_address>0x1897</load_address>
         <run_address>0x1897</run_address>
         <size>0xc2</size>
         <input_file_ref idref="fl-5"/>
      </object_component>
      <object_component id="oc-cb">
         <name>.debug_info</name>
         <load_address>0x1959</load_address>
         <run_address>0x1959</run_address>
         <size>0xad4</size>
         <input_file_ref idref="fl-5"/>
      </object_component>
      <object_component id="oc-255">
         <name>.debug_info</name>
         <load_address>0x242d</load_address>
         <run_address>0x242d</run_address>
         <size>0x323</size>
         <input_file_ref idref="fl-6"/>
      </object_component>
      <object_component id="oc-f8">
         <name>.debug_info</name>
         <load_address>0x2750</load_address>
         <run_address>0x2750</run_address>
         <size>0x34a</size>
         <input_file_ref idref="fl-6"/>
      </object_component>
      <object_component id="oc-220">
         <name>.debug_info</name>
         <load_address>0x2a9a</load_address>
         <run_address>0x2a9a</run_address>
         <size>0x4c1</size>
         <input_file_ref idref="fl-7"/>
      </object_component>
      <object_component id="oc-21d">
         <name>.debug_info</name>
         <load_address>0x2f5b</load_address>
         <run_address>0x2f5b</run_address>
         <size>0xc2</size>
         <input_file_ref idref="fl-7"/>
      </object_component>
      <object_component id="oc-dd">
         <name>.debug_info</name>
         <load_address>0x301d</load_address>
         <run_address>0x301d</run_address>
         <size>0x790</size>
         <input_file_ref idref="fl-7"/>
      </object_component>
      <object_component id="oc-288">
         <name>.debug_info</name>
         <load_address>0x37ad</load_address>
         <run_address>0x37ad</run_address>
         <size>0x35e</size>
         <input_file_ref idref="fl-8"/>
      </object_component>
      <object_component id="oc-10a">
         <name>.debug_info</name>
         <load_address>0x3b0b</load_address>
         <run_address>0x3b0b</run_address>
         <size>0x2af</size>
         <input_file_ref idref="fl-8"/>
      </object_component>
      <object_component id="oc-fe">
         <name>.debug_info</name>
         <load_address>0x3dba</load_address>
         <run_address>0x3dba</run_address>
         <size>0x731</size>
         <input_file_ref idref="fl-9"/>
      </object_component>
      <object_component id="oc-27e">
         <name>.debug_info</name>
         <load_address>0x44eb</load_address>
         <run_address>0x44eb</run_address>
         <size>0x207</size>
         <input_file_ref idref="fl-a"/>
      </object_component>
      <object_component id="oc-272">
         <name>.debug_info</name>
         <load_address>0x46f2</load_address>
         <run_address>0x46f2</run_address>
         <size>0xc1</size>
         <input_file_ref idref="fl-a"/>
      </object_component>
      <object_component id="oc-275">
         <name>.debug_info</name>
         <load_address>0x47b3</load_address>
         <run_address>0x47b3</run_address>
         <size>0xc1</size>
         <input_file_ref idref="fl-a"/>
      </object_component>
      <object_component id="oc-104">
         <name>.debug_info</name>
         <load_address>0x4874</load_address>
         <run_address>0x4874</run_address>
         <size>0x504</size>
         <input_file_ref idref="fl-a"/>
      </object_component>
      <object_component id="oc-d1">
         <name>.debug_info</name>
         <load_address>0x4d78</load_address>
         <run_address>0x4d78</run_address>
         <size>0x122</size>
         <input_file_ref idref="fl-b"/>
      </object_component>
      <object_component id="oc-d7">
         <name>.debug_info</name>
         <load_address>0x4e9a</load_address>
         <run_address>0x4e9a</run_address>
         <size>0x23f</size>
         <input_file_ref idref="fl-c"/>
      </object_component>
      <object_component id="oc-27">
         <name>.debug_info</name>
         <load_address>0x50d9</load_address>
         <run_address>0x50d9</run_address>
         <size>0x149</size>
         <input_file_ref idref="fl-c7"/>
      </object_component>
      <object_component id="oc-3f">
         <name>.debug_info</name>
         <load_address>0x5222</load_address>
         <run_address>0x5222</run_address>
         <size>0x13a</size>
         <input_file_ref idref="fl-c8"/>
      </object_component>
      <object_component id="oc-16">
         <name>.debug_info</name>
         <load_address>0x535c</load_address>
         <run_address>0x535c</run_address>
         <size>0x1d9</size>
         <input_file_ref idref="fl-c8"/>
      </object_component>
      <object_component id="oc-3a">
         <name>.debug_info</name>
         <load_address>0x5535</load_address>
         <run_address>0x5535</run_address>
         <size>0x46</size>
         <input_file_ref idref="fl-c8"/>
      </object_component>
      <object_component id="oc-7e">
         <name>.debug_info</name>
         <load_address>0x557b</load_address>
         <run_address>0x557b</run_address>
         <size>0x2c</size>
         <input_file_ref idref="fl-c8"/>
      </object_component>
      <object_component id="oc-47">
         <name>.debug_info</name>
         <load_address>0x55a7</load_address>
         <run_address>0x55a7</run_address>
         <size>0x12e</size>
         <input_file_ref idref="fl-c9"/>
      </object_component>
      <object_component id="oc-42">
         <name>.debug_info</name>
         <load_address>0x56d5</load_address>
         <run_address>0x56d5</run_address>
         <size>0x241</size>
         <input_file_ref idref="fl-c9"/>
      </object_component>
      <object_component id="oc-1a">
         <name>.debug_info</name>
         <load_address>0x5916</load_address>
         <run_address>0x5916</run_address>
         <size>0x1ab</size>
         <input_file_ref idref="fl-c9"/>
      </object_component>
      <object_component id="oc-48">
         <name>.debug_info</name>
         <load_address>0x5ac1</load_address>
         <run_address>0x5ac1</run_address>
         <size>0x39</size>
         <input_file_ref idref="fl-c9"/>
      </object_component>
      <object_component id="oc-58">
         <name>.debug_info</name>
         <load_address>0x5afa</load_address>
         <run_address>0x5afa</run_address>
         <size>0x129</size>
         <input_file_ref idref="fl-ca"/>
      </object_component>
      <object_component id="oc-1f">
         <name>.debug_info</name>
         <load_address>0x5c23</load_address>
         <run_address>0x5c23</run_address>
         <size>0x1a4</size>
         <input_file_ref idref="fl-ca"/>
      </object_component>
      <object_component id="oc-53">
         <name>.debug_info</name>
         <load_address>0x5dc7</load_address>
         <run_address>0x5dc7</run_address>
         <size>0x46</size>
         <input_file_ref idref="fl-ca"/>
      </object_component>
      <object_component id="oc-ad">
         <name>.debug_info</name>
         <load_address>0x5e0d</load_address>
         <run_address>0x5e0d</run_address>
         <size>0x18b</size>
         <input_file_ref idref="fl-cb"/>
      </object_component>
      <object_component id="oc-aa">
         <name>.debug_info</name>
         <load_address>0x5f98</load_address>
         <run_address>0x5f98</run_address>
         <size>0x130</size>
         <input_file_ref idref="fl-cb"/>
      </object_component>
      <object_component id="oc-6c">
         <name>.debug_info</name>
         <load_address>0x60c8</load_address>
         <run_address>0x60c8</run_address>
         <size>0x207</size>
         <input_file_ref idref="fl-cb"/>
      </object_component>
      <object_component id="oc-ee">
         <name>.debug_info</name>
         <load_address>0x62cf</load_address>
         <run_address>0x62cf</run_address>
         <size>0x12c</size>
         <input_file_ref idref="fl-cc"/>
      </object_component>
      <object_component id="oc-f5">
         <name>.debug_info</name>
         <load_address>0x63fb</load_address>
         <run_address>0x63fb</run_address>
         <size>0x12b</size>
         <input_file_ref idref="fl-cd"/>
      </object_component>
      <object_component id="oc-37">
         <name>.debug_info</name>
         <load_address>0x6526</load_address>
         <run_address>0x6526</run_address>
         <size>0x10b</size>
         <input_file_ref idref="fl-ce"/>
      </object_component>
      <object_component id="oc-50">
         <name>.debug_info</name>
         <load_address>0x6631</load_address>
         <run_address>0x6631</run_address>
         <size>0x139</size>
         <input_file_ref idref="fl-cf"/>
      </object_component>
      <object_component id="oc-5b">
         <name>.debug_info</name>
         <load_address>0x676a</load_address>
         <run_address>0x676a</run_address>
         <size>0x142</size>
         <input_file_ref idref="fl-d0"/>
      </object_component>
      <object_component id="oc-72">
         <name>.debug_info</name>
         <load_address>0x68ac</load_address>
         <run_address>0x68ac</run_address>
         <size>0x103</size>
         <input_file_ref idref="fl-d1"/>
      </object_component>
      <object_component id="oc-ea">
         <name>.debug_info</name>
         <load_address>0x69af</load_address>
         <run_address>0x69af</run_address>
         <size>0x120</size>
         <input_file_ref idref="fl-d2"/>
      </object_component>
      <object_component id="oc-12d">
         <name>.debug_info</name>
         <load_address>0x6acf</load_address>
         <run_address>0x6acf</run_address>
         <size>0x11e</size>
         <input_file_ref idref="fl-d3"/>
      </object_component>
      <object_component id="oc-a7">
         <name>.debug_info</name>
         <load_address>0x6bed</load_address>
         <run_address>0x6bed</run_address>
         <size>0x10d</size>
         <input_file_ref idref="fl-d3"/>
      </object_component>
      <object_component id="oc-126">
         <name>.debug_info</name>
         <load_address>0x6cfa</load_address>
         <run_address>0x6cfa</run_address>
         <size>0x219</size>
         <input_file_ref idref="fl-d3"/>
      </object_component>
      <object_component id="oc-a5">
         <name>.debug_info</name>
         <load_address>0x6f13</load_address>
         <run_address>0x6f13</run_address>
         <size>0x160</size>
         <input_file_ref idref="fl-d4"/>
      </object_component>
      <object_component id="oc-66">
         <name>.debug_info</name>
         <load_address>0x7073</load_address>
         <run_address>0x7073</run_address>
         <size>0x161</size>
         <input_file_ref idref="fl-d4"/>
      </object_component>
      <object_component id="oc-120">
         <name>.debug_info</name>
         <load_address>0x71d4</load_address>
         <run_address>0x71d4</run_address>
         <size>0x5e</size>
         <input_file_ref idref="fl-d4"/>
      </object_component>
      <object_component id="oc-9d">
         <name>.debug_info</name>
         <load_address>0x7232</load_address>
         <run_address>0x7232</run_address>
         <size>0x2b7</size>
         <input_file_ref idref="fl-d5"/>
      </object_component>
      <object_component id="oc-60">
         <name>.debug_info</name>
         <load_address>0x74e9</load_address>
         <run_address>0x74e9</run_address>
         <size>0x171</size>
         <input_file_ref idref="fl-d5"/>
      </object_component>
      <object_component id="oc-ba">
         <name>.debug_info</name>
         <load_address>0x765a</load_address>
         <run_address>0x765a</run_address>
         <size>0x39</size>
         <input_file_ref idref="fl-d5"/>
      </object_component>
      <object_component id="oc-bf">
         <name>.debug_info</name>
         <load_address>0x7693</load_address>
         <run_address>0x7693</run_address>
         <size>0xcd</size>
         <input_file_ref idref="fl-d5"/>
      </object_component>
      <object_component id="oc-b7">
         <name>.debug_info</name>
         <load_address>0x7760</load_address>
         <run_address>0x7760</run_address>
         <size>0x1da</size>
         <input_file_ref idref="fl-d6"/>
      </object_component>
      <object_component id="oc-97">
         <name>.debug_info</name>
         <load_address>0x793a</load_address>
         <run_address>0x793a</run_address>
         <size>0x17d</size>
         <input_file_ref idref="fl-d6"/>
      </object_component>
      <object_component id="oc-135">
         <name>.debug_info</name>
         <load_address>0x7ab7</load_address>
         <run_address>0x7ab7</run_address>
         <size>0x2c</size>
         <input_file_ref idref="fl-d6"/>
      </object_component>
      <object_component id="oc-2a6">
         <name>.debug_info</name>
         <load_address>0x7ae3</load_address>
         <run_address>0x7ae3</run_address>
         <size>0x230</size>
         <input_file_ref idref="fl-d7"/>
      </object_component>
      <object_component id="oc-33c">
         <name>.debug_info</name>
         <load_address>0x7d13</load_address>
         <run_address>0x7d13</run_address>
         <size>0x167</size>
         <input_file_ref idref="fl-d7"/>
      </object_component>
      <object_component id="oc-33f">
         <name>.debug_info</name>
         <load_address>0x7e7a</load_address>
         <run_address>0x7e7a</run_address>
         <size>0x169</size>
         <input_file_ref idref="fl-d7"/>
      </object_component>
      <object_component id="oc-2a8">
         <name>.debug_info</name>
         <load_address>0x7fe3</load_address>
         <run_address>0x7fe3</run_address>
         <size>0x15b</size>
         <input_file_ref idref="fl-d7"/>
      </object_component>
      <object_component id="oc-259">
         <name>.debug_info</name>
         <load_address>0x813e</load_address>
         <run_address>0x813e</run_address>
         <size>0x2a3</size>
         <input_file_ref idref="fl-d7"/>
      </object_component>
      <object_component id="oc-19f">
         <name>.debug_info</name>
         <load_address>0x83e1</load_address>
         <run_address>0x83e1</run_address>
         <size>0x2b3</size>
         <input_file_ref idref="fl-d7"/>
      </object_component>
      <object_component id="oc-1a5">
         <name>.debug_info</name>
         <load_address>0x8694</load_address>
         <run_address>0x8694</run_address>
         <size>0x316</size>
         <input_file_ref idref="fl-d7"/>
      </object_component>
      <object_component id="oc-144">
         <name>.debug_info</name>
         <load_address>0x89aa</load_address>
         <run_address>0x89aa</run_address>
         <size>0x2ab</size>
         <input_file_ref idref="fl-d7"/>
      </object_component>
      <object_component id="oc-260">
         <name>.debug_info</name>
         <load_address>0x8c55</load_address>
         <run_address>0x8c55</run_address>
         <size>0x2ad</size>
         <input_file_ref idref="fl-d7"/>
      </object_component>
      <object_component id="oc-1d5">
         <name>.debug_info</name>
         <load_address>0x8f02</load_address>
         <run_address>0x8f02</run_address>
         <size>0x2a9</size>
         <input_file_ref idref="fl-d7"/>
      </object_component>
      <object_component id="oc-197">
         <name>.debug_info</name>
         <load_address>0x91ab</load_address>
         <run_address>0x91ab</run_address>
         <size>0x2b7</size>
         <input_file_ref idref="fl-d7"/>
      </object_component>
      <object_component id="oc-278">
         <name>.debug_info</name>
         <load_address>0x9462</load_address>
         <run_address>0x9462</run_address>
         <size>0x27b</size>
         <input_file_ref idref="fl-d7"/>
      </object_component>
      <object_component id="oc-14a">
         <name>.debug_info</name>
         <load_address>0x96dd</load_address>
         <run_address>0x96dd</run_address>
         <size>0x280</size>
         <input_file_ref idref="fl-d7"/>
      </object_component>
      <object_component id="oc-2d9">
         <name>.debug_info</name>
         <load_address>0x995d</load_address>
         <run_address>0x995d</run_address>
         <size>0x27e</size>
         <input_file_ref idref="fl-d7"/>
      </object_component>
      <object_component id="oc-1aa">
         <name>.debug_info</name>
         <load_address>0x9bdb</load_address>
         <run_address>0x9bdb</run_address>
         <size>0x2bb</size>
         <input_file_ref idref="fl-d7"/>
      </object_component>
      <object_component id="oc-1c2">
         <name>.debug_info</name>
         <load_address>0x9e96</load_address>
         <run_address>0x9e96</run_address>
         <size>0x27f</size>
         <input_file_ref idref="fl-d7"/>
      </object_component>
      <object_component id="oc-1b0">
         <name>.debug_info</name>
         <load_address>0xa115</load_address>
         <run_address>0xa115</run_address>
         <size>0x2e8</size>
         <input_file_ref idref="fl-d7"/>
      </object_component>
      <object_component id="oc-1b6">
         <name>.debug_info</name>
         <load_address>0xa3fd</load_address>
         <run_address>0xa3fd</run_address>
         <size>0x28f</size>
         <input_file_ref idref="fl-d7"/>
      </object_component>
      <object_component id="oc-1c8">
         <name>.debug_info</name>
         <load_address>0xa68c</load_address>
         <run_address>0xa68c</run_address>
         <size>0x28d</size>
         <input_file_ref idref="fl-d7"/>
      </object_component>
      <object_component id="oc-2e4">
         <name>.debug_info</name>
         <load_address>0xa919</load_address>
         <run_address>0xa919</run_address>
         <size>0x20e</size>
         <input_file_ref idref="fl-d8"/>
      </object_component>
      <object_component id="oc-2e1">
         <name>.debug_info</name>
         <load_address>0xab27</load_address>
         <run_address>0xab27</run_address>
         <size>0x210</size>
         <input_file_ref idref="fl-d8"/>
      </object_component>
      <object_component id="oc-337">
         <name>.debug_info</name>
         <load_address>0xad37</load_address>
         <run_address>0xad37</run_address>
         <size>0x157</size>
         <input_file_ref idref="fl-d8"/>
      </object_component>
      <object_component id="oc-2bd">
         <name>.debug_info</name>
         <load_address>0xae8e</load_address>
         <run_address>0xae8e</run_address>
         <size>0x2c1</size>
         <input_file_ref idref="fl-d8"/>
      </object_component>
      <object_component id="oc-16b">
         <name>.debug_info</name>
         <load_address>0xb14f</load_address>
         <run_address>0xb14f</run_address>
         <size>0x23e</size>
         <input_file_ref idref="fl-d8"/>
      </object_component>
      <object_component id="oc-1be">
         <name>.debug_info</name>
         <load_address>0xb38d</load_address>
         <run_address>0xb38d</run_address>
         <size>0x268</size>
         <input_file_ref idref="fl-d8"/>
      </object_component>
      <object_component id="oc-2e8">
         <name>.debug_info</name>
         <load_address>0xb5f5</load_address>
         <run_address>0xb5f5</run_address>
         <size>0x1e8</size>
         <input_file_ref idref="fl-d9"/>
      </object_component>
      <object_component id="oc-208">
         <name>.debug_info</name>
         <load_address>0xb7dd</load_address>
         <run_address>0xb7dd</run_address>
         <size>0x250</size>
         <input_file_ref idref="fl-d9"/>
      </object_component>
      <object_component id="oc-1e4">
         <name>.debug_info</name>
         <load_address>0xba2d</load_address>
         <run_address>0xba2d</run_address>
         <size>0x252</size>
         <input_file_ref idref="fl-d9"/>
      </object_component>
      <object_component id="oc-1dc">
         <name>.debug_info</name>
         <load_address>0xbc7f</load_address>
         <run_address>0xbc7f</run_address>
         <size>0x2cc</size>
         <input_file_ref idref="fl-d9"/>
      </object_component>
      <object_component id="oc-21a">
         <name>.debug_info</name>
         <load_address>0xbf4b</load_address>
         <run_address>0xbf4b</run_address>
         <size>0x28b</size>
         <input_file_ref idref="fl-d9"/>
      </object_component>
      <object_component id="oc-213">
         <name>.debug_info</name>
         <load_address>0xc1d6</load_address>
         <run_address>0xc1d6</run_address>
         <size>0x24d</size>
         <input_file_ref idref="fl-d9"/>
      </object_component>
      <object_component id="oc-2f0">
         <name>.debug_info</name>
         <load_address>0xc423</load_address>
         <run_address>0xc423</run_address>
         <size>0x270</size>
         <input_file_ref idref="fl-d9"/>
      </object_component>
      <object_component id="oc-1fb">
         <name>.debug_info</name>
         <load_address>0xc693</load_address>
         <run_address>0xc693</run_address>
         <size>0x27a</size>
         <input_file_ref idref="fl-d9"/>
      </object_component>
      <object_component id="oc-1ef">
         <name>.debug_info</name>
         <load_address>0xc90d</load_address>
         <run_address>0xc90d</run_address>
         <size>0x2d6</size>
         <input_file_ref idref="fl-d9"/>
      </object_component>
      <object_component id="oc-1f5">
         <name>.debug_info</name>
         <load_address>0xcbe3</load_address>
         <run_address>0xcbe3</run_address>
         <size>0x28a</size>
         <input_file_ref idref="fl-d9"/>
      </object_component>
      <object_component id="oc-201">
         <name>.debug_info</name>
         <load_address>0xce6d</load_address>
         <run_address>0xce6d</run_address>
         <size>0x288</size>
         <input_file_ref idref="fl-d9"/>
      </object_component>
      <object_component id="oc-1e9">
         <name>.debug_info</name>
         <load_address>0xd0f5</load_address>
         <run_address>0xd0f5</run_address>
         <size>0x23f</size>
         <input_file_ref idref="fl-d9"/>
      </object_component>
      <object_component id="oc-20c">
         <name>.debug_info</name>
         <load_address>0xd334</load_address>
         <run_address>0xd334</run_address>
         <size>0x24f</size>
         <input_file_ref idref="fl-d9"/>
      </object_component>
      <object_component id="oc-1d2">
         <name>.debug_info</name>
         <load_address>0xd583</load_address>
         <run_address>0xd583</run_address>
         <size>0x2cd</size>
         <input_file_ref idref="fl-d9"/>
      </object_component>
      <object_component id="oc-13c">
         <name>.debug_info</name>
         <load_address>0xd850</load_address>
         <run_address>0xd850</run_address>
         <size>0x27f</size>
         <input_file_ref idref="fl-da"/>
      </object_component>
      <object_component id="oc-224">
         <name>.debug_info</name>
         <load_address>0xdacf</load_address>
         <run_address>0xdacf</run_address>
         <size>0x14d</size>
         <input_file_ref idref="fl-da"/>
      </object_component>
      <object_component id="oc-13f">
         <name>.debug_info</name>
         <load_address>0xdc1c</load_address>
         <run_address>0xdc1c</run_address>
         <size>0x27d</size>
         <input_file_ref idref="fl-da"/>
      </object_component>
      <object_component id="oc-c7">
         <name>.debug_info</name>
         <load_address>0xde99</load_address>
         <run_address>0xde99</run_address>
         <size>0x2db</size>
         <input_file_ref idref="fl-da"/>
      </object_component>
      <object_component id="oc-e5">
         <name>.debug_info</name>
         <load_address>0xe174</load_address>
         <run_address>0xe174</run_address>
         <size>0x2b5</size>
         <input_file_ref idref="fl-da"/>
      </object_component>
      <object_component id="oc-29f">
         <name>.debug_info</name>
         <load_address>0xe429</load_address>
         <run_address>0xe429</run_address>
         <size>0x5f</size>
         <input_file_ref idref="fl-da"/>
      </object_component>
      <object_component id="oc-302">
         <name>.debug_info</name>
         <load_address>0xe488</load_address>
         <run_address>0xe488</run_address>
         <size>0x228</size>
         <input_file_ref idref="fl-db"/>
      </object_component>
      <object_component id="oc-34c">
         <name>.debug_info</name>
         <load_address>0xe6b0</load_address>
         <run_address>0xe6b0</run_address>
         <size>0x15a</size>
         <input_file_ref idref="fl-db"/>
      </object_component>
      <object_component id="oc-34f">
         <name>.debug_info</name>
         <load_address>0xe80a</load_address>
         <run_address>0xe80a</run_address>
         <size>0x16c</size>
         <input_file_ref idref="fl-db"/>
      </object_component>
      <object_component id="oc-266">
         <name>.debug_info</name>
         <load_address>0xe976</load_address>
         <run_address>0xe976</run_address>
         <size>0x2bc</size>
         <input_file_ref idref="fl-db"/>
      </object_component>
      <object_component id="oc-234">
         <name>.debug_info</name>
         <load_address>0xec32</load_address>
         <run_address>0xec32</run_address>
         <size>0x2ba</size>
         <input_file_ref idref="fl-db"/>
      </object_component>
      <object_component id="oc-309">
         <name>.debug_info</name>
         <load_address>0xeeec</load_address>
         <run_address>0xeeec</run_address>
         <size>0x2eb</size>
         <input_file_ref idref="fl-db"/>
      </object_component>
      <object_component id="oc-24b">
         <name>.debug_info</name>
         <load_address>0xf1d7</load_address>
         <run_address>0xf1d7</run_address>
         <size>0x284</size>
         <input_file_ref idref="fl-db"/>
      </object_component>
      <object_component id="oc-240">
         <name>.debug_info</name>
         <load_address>0xf45b</load_address>
         <run_address>0xf45b</run_address>
         <size>0x318</size>
         <input_file_ref idref="fl-db"/>
      </object_component>
      <object_component id="oc-23a">
         <name>.debug_info</name>
         <load_address>0xf773</load_address>
         <run_address>0xf773</run_address>
         <size>0x294</size>
         <input_file_ref idref="fl-db"/>
      </object_component>
      <object_component id="oc-252">
         <name>.debug_info</name>
         <load_address>0xfa07</load_address>
         <run_address>0xfa07</run_address>
         <size>0x292</size>
         <input_file_ref idref="fl-db"/>
      </object_component>
      <object_component id="oc-246">
         <name>.debug_info</name>
         <load_address>0xfc99</load_address>
         <run_address>0xfc99</run_address>
         <size>0x27f</size>
         <input_file_ref idref="fl-db"/>
      </object_component>
      <object_component id="oc-26d">
         <name>.debug_info</name>
         <load_address>0xff18</load_address>
         <run_address>0xff18</run_address>
         <size>0x2bc</size>
         <input_file_ref idref="fl-db"/>
      </object_component>
      <object_component id="oc-22d">
         <name>.debug_info</name>
         <load_address>0x101d4</load_address>
         <run_address>0x101d4</run_address>
         <size>0x28c</size>
         <input_file_ref idref="fl-db"/>
      </object_component>
      <object_component id="oc-2b2">
         <name>.debug_info</name>
         <load_address>0x10460</load_address>
         <run_address>0x10460</run_address>
         <size>0x227</size>
         <input_file_ref idref="fl-dc"/>
      </object_component>
      <object_component id="oc-330">
         <name>.debug_info</name>
         <load_address>0x10687</load_address>
         <run_address>0x10687</run_address>
         <size>0x157</size>
         <input_file_ref idref="fl-dc"/>
      </object_component>
      <object_component id="oc-333">
         <name>.debug_info</name>
         <load_address>0x107de</load_address>
         <run_address>0x107de</run_address>
         <size>0x169</size>
         <input_file_ref idref="fl-dc"/>
      </object_component>
      <object_component id="oc-2b4">
         <name>.debug_info</name>
         <load_address>0x10947</load_address>
         <run_address>0x10947</run_address>
         <size>0x27e</size>
         <input_file_ref idref="fl-dc"/>
      </object_component>
      <object_component id="oc-16e">
         <name>.debug_info</name>
         <load_address>0x10bc5</load_address>
         <run_address>0x10bc5</run_address>
         <size>0x27f</size>
         <input_file_ref idref="fl-dc"/>
      </object_component>
      <object_component id="oc-156">
         <name>.debug_info</name>
         <load_address>0x10e44</load_address>
         <run_address>0x10e44</run_address>
         <size>0x2dc</size>
         <input_file_ref idref="fl-dc"/>
      </object_component>
      <object_component id="oc-15c">
         <name>.debug_info</name>
         <load_address>0x11120</load_address>
         <run_address>0x11120</run_address>
         <size>0x28f</size>
         <input_file_ref idref="fl-dc"/>
      </object_component>
      <object_component id="oc-174">
         <name>.debug_info</name>
         <load_address>0x113af</load_address>
         <run_address>0x113af</run_address>
         <size>0x28d</size>
         <input_file_ref idref="fl-dc"/>
      </object_component>
      <object_component id="oc-162">
         <name>.debug_info</name>
         <load_address>0x1163c</load_address>
         <run_address>0x1163c</run_address>
         <size>0x247</size>
         <input_file_ref idref="fl-dc"/>
      </object_component>
      <object_component id="oc-2ac">
         <name>.debug_info</name>
         <load_address>0x11883</load_address>
         <run_address>0x11883</run_address>
         <size>0x249</size>
         <input_file_ref idref="fl-dc"/>
      </object_component>
      <object_component id="oc-150">
         <name>.debug_info</name>
         <load_address>0x11acc</load_address>
         <run_address>0x11acc</run_address>
         <size>0x326</size>
         <input_file_ref idref="fl-dc"/>
      </object_component>
      <object_component id="oc-180">
         <name>.debug_info</name>
         <load_address>0x11df2</load_address>
         <run_address>0x11df2</run_address>
         <size>0x253</size>
         <input_file_ref idref="fl-dc"/>
      </object_component>
      <object_component id="oc-186">
         <name>.debug_info</name>
         <load_address>0x12045</load_address>
         <run_address>0x12045</run_address>
         <size>0x28d</size>
         <input_file_ref idref="fl-dc"/>
      </object_component>
      <object_component id="oc-282">
         <name>.debug_info</name>
         <load_address>0x122d2</load_address>
         <run_address>0x122d2</run_address>
         <size>0x273</size>
         <input_file_ref idref="fl-dc"/>
      </object_component>
      <object_component id="oc-17a">
         <name>.debug_info</name>
         <load_address>0x12545</load_address>
         <run_address>0x12545</run_address>
         <size>0x24d</size>
         <input_file_ref idref="fl-dc"/>
      </object_component>
      <object_component id="oc-2c3">
         <name>.debug_info</name>
         <load_address>0x12792</load_address>
         <run_address>0x12792</run_address>
         <size>0x212</size>
         <input_file_ref idref="fl-dd"/>
      </object_component>
      <object_component id="oc-387">
         <name>.debug_info</name>
         <load_address>0x129a4</load_address>
         <run_address>0x129a4</run_address>
         <size>0x8a</size>
      </object_component>
      <object_component id="oc-327">
         <name>.debug_line</name>
         <load_address>0x0</load_address>
         <run_address>0x0</run_address>
         <size>0x14e</size>
         <input_file_ref idref="fl-2"/>
      </object_component>
      <object_component id="oc-298">
         <name>.debug_line</name>
         <load_address>0x14e</load_address>
         <run_address>0x14e</run_address>
         <size>0x2d</size>
         <input_file_ref idref="fl-2"/>
      </object_component>
      <object_component id="oc-a2">
         <name>.debug_line</name>
         <load_address>0x17b</load_address>
         <run_address>0x17b</run_address>
         <size>0x5b</size>
         <input_file_ref idref="fl-2"/>
      </object_component>
      <object_component id="oc-295">
         <name>.debug_line</name>
         <load_address>0x1d6</load_address>
         <run_address>0x1d6</run_address>
         <size>0x4a</size>
         <input_file_ref idref="fl-2"/>
      </object_component>
      <object_component id="oc-11c">
         <name>.debug_line</name>
         <load_address>0x220</load_address>
         <run_address>0x220</run_address>
         <size>0x32</size>
         <input_file_ref idref="fl-2"/>
      </object_component>
      <object_component id="oc-31a">
         <name>.debug_line</name>
         <load_address>0x252</load_address>
         <run_address>0x252</run_address>
         <size>0x38</size>
         <input_file_ref idref="fl-2"/>
      </object_component>
      <object_component id="oc-b4">
         <name>.debug_line</name>
         <load_address>0x28a</load_address>
         <run_address>0x28a</run_address>
         <size>0x20</size>
         <input_file_ref idref="fl-2"/>
      </object_component>
      <object_component id="oc-7b">
         <name>.debug_line</name>
         <load_address>0x2aa</load_address>
         <run_address>0x2aa</run_address>
         <size>0x65</size>
         <input_file_ref idref="fl-2"/>
      </object_component>
      <object_component id="oc-90">
         <name>.debug_line</name>
         <load_address>0x30f</load_address>
         <run_address>0x30f</run_address>
         <size>0x65</size>
         <input_file_ref idref="fl-2"/>
      </object_component>
      <object_component id="oc-77">
         <name>.debug_line</name>
         <load_address>0x374</load_address>
         <run_address>0x374</run_address>
         <size>0x41</size>
         <input_file_ref idref="fl-3"/>
      </object_component>
      <object_component id="oc-32">
         <name>.debug_line</name>
         <load_address>0x3b5</load_address>
         <run_address>0x3b5</run_address>
         <size>0x41</size>
         <input_file_ref idref="fl-3"/>
      </object_component>
      <object_component id="oc-2f">
         <name>.debug_line</name>
         <load_address>0x3f6</load_address>
         <run_address>0x3f6</run_address>
         <size>0xa1</size>
         <input_file_ref idref="fl-3"/>
      </object_component>
      <object_component id="oc-88">
         <name>.debug_line</name>
         <load_address>0x497</load_address>
         <run_address>0x497</run_address>
         <size>0x20</size>
         <input_file_ref idref="fl-3"/>
      </object_component>
      <object_component id="oc-325">
         <name>.debug_line</name>
         <load_address>0x4b7</load_address>
         <run_address>0x4b7</run_address>
         <size>0x42</size>
         <input_file_ref idref="fl-4"/>
      </object_component>
      <object_component id="oc-113">
         <name>.debug_line</name>
         <load_address>0x4f9</load_address>
         <run_address>0x4f9</run_address>
         <size>0x8d</size>
         <input_file_ref idref="fl-4"/>
      </object_component>
      <object_component id="oc-2cf">
         <name>.debug_line</name>
         <load_address>0x586</load_address>
         <run_address>0x586</run_address>
         <size>0x10d</size>
         <input_file_ref idref="fl-5"/>
      </object_component>
      <object_component id="oc-2d1">
         <name>.debug_line</name>
         <load_address>0x693</load_address>
         <run_address>0x693</run_address>
         <size>0x32</size>
         <input_file_ref idref="fl-5"/>
      </object_component>
      <object_component id="oc-2d3">
         <name>.debug_line</name>
         <load_address>0x6c5</load_address>
         <run_address>0x6c5</run_address>
         <size>0x32</size>
         <input_file_ref idref="fl-5"/>
      </object_component>
      <object_component id="oc-ce">
         <name>.debug_line</name>
         <load_address>0x6f7</load_address>
         <run_address>0x6f7</run_address>
         <size>0x250</size>
         <input_file_ref idref="fl-5"/>
      </object_component>
      <object_component id="oc-310">
         <name>.debug_line</name>
         <load_address>0x947</load_address>
         <run_address>0x947</run_address>
         <size>0xdb</size>
         <input_file_ref idref="fl-6"/>
      </object_component>
      <object_component id="oc-fb">
         <name>.debug_line</name>
         <load_address>0xa22</load_address>
[...]
      </symbol>
      <symbol id="sm-118">
         <name>UART0_Handler</name>
         <value>0x48b</value>
         <object_component_ref idref="oc-ca"/>
      </symbol>
      <symbol id="sm-119">
         <name>ReadRxBuffer_recv_UART0</name>
         <value>0x683</value>
         <object_component_ref idref="oc-ca"/>
      </symbol>
      <symbol id="sm-11a">
         <name>ConfigUART</name>
         <value>0x26d</value>
         <object_component_ref idref="oc-ca"/>
      </symbol>
      <symbol id="sm-131">
         <name>timerInit</name>
         <value>0x161d</value>
         <object_component_ref idref="oc-f7"/>
      </symbol>
      <symbol id="sm-132">
         <name>Timer2AIntHandler</name>
         <value>0x1661</value>
         <object_component_ref idref="oc-f7"/>
      </symbol>
      <symbol id="sm-133">
         <name>getControlFlag</name>
         <value>0x167b</value>
         <object_component_ref idref="oc-f7"/>
      </symbol>
      <symbol id="sm-134">
         <name>setControlFlag</name>
         <value>0x1681</value>
         <object_component_ref idref="oc-f7"/>
      </symbol>
      <symbol id="sm-16e">
         <name>qei_init</name>
         <value>0xb5d</value>
         <object_component_ref idref="oc-dc"/>
      </symbol>
      <symbol id="sm-16f">
         <name>qei_getPosLeft</name>
         <value>0xd03</value>
         <object_component_ref idref="oc-dc"/>
      </symbol>
      <symbol id="sm-170">
         <name>qei_setPosLeft</name>
         <value>0xd17</value>
         <object_component_ref idref="oc-dc"/>
      </symbol>
      <symbol id="sm-171">
         <name>qei_setPosRight</name>
         <value>0xd25</value>
         <object_component_ref idref="oc-dc"/>
      </symbol>
      <symbol id="sm-172">
         <name>qei_getVelocity</name>
         <value>0xcb9</value>
         <object_component_ref idref="oc-dc"/>
      </symbol>
      <symbol id="sm-173">
         <name>qei_getPosRight</name>
         <value>0xd0d</value>
         <object_component_ref idref="oc-dc"/>
      </symbol>
      <symbol id="sm-18a">
         <name>speedset</name>
         <value>0x20000860</value>
      </symbol>
      <symbol id="sm-18b">
         <name>enc</name>
         <value>0x20000850</value>
      </symbol>
      <symbol id="sm-18c">
         <name>Balacing_Process</name>
         <value>0xf69</value>
         <object_component_ref idref="oc-109"/>
      </symbol>
      <symbol id="sm-1ab">
         <name>SetPWM</name>
         <value>0xe8f</value>
         <object_component_ref idref="oc-fd"/>
      </symbol>
      <symbol id="sm-1ac">
         <name>ConfigBoostCircuit</name>
         <value>0xd8d</value>
         <object_component_ref idref="oc-fd"/>
      </symbol>
      <symbol id="sm-1ad">
         <name>enableBoostCircuit</name>
         <value>0xf21</value>
         <object_component_ref idref="oc-fd"/>
      </symbol>
      <symbol id="sm-1ae">
         <name>Config_PWM</name>
         <value>0xde5</value>
         <object_component_ref idref="oc-fd"/>
      </symbol>
      <symbol id="sm-1af">
         <name>ConfigDRV_Enable</name>
         <value>0xdb1</value>
         <object_component_ref idref="oc-fd"/>
      </symbol>
      <symbol id="sm-1b0">
         <name>speed_Enable_Hbridge</name>
         <value>0xee9</value>
         <object_component_ref idref="oc-fd"/>
      </symbol>
      <symbol id="sm-204">
         <name>recv</name>
         <value>0x20000848</value>
      </symbol>
      <symbol id="sm-205">
         <name>PIDVelocity</name>
         <value>0x20000aa4</value>
         <object_component_ref idref="oc-271"/>
      </symbol>
      <symbol id="sm-206">
         <name>getPIDVer</name>
         <value>0x9ed</value>
         <object_component_ref idref="oc-103"/>
      </symbol>
      <symbol id="sm-207">
         <name>getPIDPos</name>
         <value>0x9f5</value>
         <object_component_ref idref="oc-103"/>
      </symbol>
      <symbol id="sm-208">
         <name>PIDVerCalc</name>
         <value>0x8c7</value>
         <object_component_ref idref="oc-103"/>
      </symbol>
      <symbol id="sm-209">
         <name>PIDPosition</name>
         <value>0x20000a6c</value>
         <object_component_ref idref="oc-274"/>
      </symbol>
      <symbol id="sm-20a">
         <name>PIDReset</name>
         <value>0x9c5</value>
         <object_component_ref idref="oc-103"/>
      </symbol>
      <symbol id="sm-20b">
         <name>PIDPositionSet</name>
         <value>0x767</value>
         <object_component_ref idref="oc-103"/>
      </symbol>
      <symbol id="sm-20c">
         <name>PIDSpeedSet</name>
         <value>0x751</value>
         <object_component_ref idref="oc-103"/>
      </symbol>
      <symbol id="sm-20d">
         <name>configPID</name>
         <value>0xa2d</value>
         <object_component_ref idref="oc-103"/>
      </symbol>
      <symbol id="sm-20e">
         <name>PIDPosCalc</name>
         <value>0x793</value>
         <object_component_ref idref="oc-103"/>
      </symbol>
      <symbol id="sm-21b">
         <name>ledInit</name>
         <value>0x1d89</value>
         <object_component_ref idref="oc-d0"/>
      </symbol>
      <symbol id="sm-22a">
         <name>buttonISR</name>
         <value>0x17e9</value>
         <object_component_ref idref="oc-d6"/>
      </symbol>
      <symbol id="sm-22b">
         <name>buttonInit</name>
         <value>0x17a9</value>
         <object_component_ref idref="oc-d6"/>
      </symbol>
      <symbol id="sm-23c">
         <name>_c_int00</name>
         <value>0x1a11</value>
         <object_component_ref idref="oc-24"/>
      </symbol>
      <symbol id="sm-23d">
         <name>__stack</name>
         <value>0x2000086c</value>
         <object_component_ref idref="oc-2a"/>
      </symbol>
      <symbol id="sm-254">
         <name>__TI_decompress_none</name>
         <value>0x1f51</value>
         <object_component_ref idref="oc-12"/>
      </symbol>
      <symbol id="sm-277">
         <name>__TI_decompress_rle24</name>
         <value>0x2011</value>
         <object_component_ref idref="oc-18"/>
      </symbol>
      <symbol id="sm-289">
         <name>__TI_zero_init</name>
         <value>0x1f83</value>
         <object_component_ref idref="oc-1e"/>
      </symbol>
      <symbol id="sm-2a8">
         <name>C$$EXIT</name>
         <value>0x1b89</value>
         <object_component_ref idref="oc-6b"/>
      </symbol>
      <symbol id="sm-2a9">
         <name>abort</name>
         <value>0x1b8d</value>
         <object_component_ref idref="oc-6b"/>
      </symbol>
      <symbol id="sm-2aa">
         <name>exit</name>
         <value>0x1b95</value>
         <object_component_ref idref="oc-6b"/>
      </symbol>
      <symbol id="sm-2ab">
         <name>__TI_dtors_ptr</name>
         <value>0x20000afc</value>
         <object_component_ref idref="oc-a9"/>
      </symbol>
      <symbol id="sm-2ac">
         <name>__TI_cleanup_ptr</name>
         <value>0x20000af8</value>
         <object_component_ref idref="oc-a9"/>
      </symbol>
      <symbol id="sm-2b7">
         <name>__aeabi_dmul</name>
         <value>0x1301</value>
         <object_component_ref idref="oc-ed"/>
      </symbol>
      <symbol id="sm-2c1">
         <name>__aeabi_d2uiz</name>
         <value>0x1bcd</value>
         <object_component_ref idref="oc-f2"/>
      </symbol>
      <symbol id="sm-2dc">
         <name>memcpy</name>
         <value>0x14ed</value>
         <object_component_ref idref="oc-34"/>
      </symbol>
      <symbol id="sm-2dd">
         <name>__aeabi_memcpy</name>
         <value>0x14ed</value>
         <object_component_ref idref="oc-34"/>
      </symbol>
      <symbol id="sm-2de">
         <name>__aeabi_memcpy8</name>
         <value>0x14ed</value>
         <object_component_ref idref="oc-34"/>
      </symbol>
      <symbol id="sm-2df">
         <name>__aeabi_memcpy4</name>
         <value>0x14ed</value>
         <object_component_ref idref="oc-34"/>
      </symbol>
      <symbol id="sm-2ee">
         <name>__aeabi_memset</name>
         <value>0x172f</value>
         <object_component_ref idref="oc-4d"/>
      </symbol>
      <symbol id="sm-2ef">
         <name>memset</name>
         <value>0x1735</value>
         <object_component_ref idref="oc-4d"/>
      </symbol>
      <symbol id="sm-2f0">
         <name>__aeabi_memset8</name>
         <value>0x172f</value>
         <object_component_ref idref="oc-4d"/>
      </symbol>
      <symbol id="sm-2f1">
         <name>__aeabi_memset4</name>
         <value>0x172f</value>
         <object_component_ref idref="oc-4d"/>
      </symbol>
      <symbol id="sm-2f2">
         <name>__aeabi_memclr8</name>
         <value>0x172d</value>
         <object_component_ref idref="oc-4d"/>
      </symbol>
      <symbol id="sm-2f3">
         <name>__aeabi_memclr4</name>
         <value>0x172d</value>
         <object_component_ref idref="oc-4d"/>
      </symbol>
      <symbol id="sm-2f4">
         <name>__aeabi_memclr</name>
         <value>0x172d</value>
         <object_component_ref idref="oc-4d"/>
      </symbol>
      <symbol id="sm-2fe">
         <name>_system_pre_init</name>
         <value>0x202f</value>
         <object_component_ref idref="oc-59"/>
      </symbol>
      <symbol id="sm-306">
         <name>main_func_sp</name>
         <value>0x20000b00</value>
         <object_component_ref idref="oc-71"/>
      </symbol>
      <symbol id="sm-310">
         <name>__aeabi_ui2d</name>
         <value>0x1d67</value>
         <object_component_ref idref="oc-e8"/>
      </symbol>
      <symbol id="sm-329">
         <name>_nop</name>
         <value>0x1e8b</value>
         <object_component_ref idref="oc-125"/>
      </symbol>
      <symbol id="sm-32a">
         <name>_lock</name>
         <value>0x20000af0</value>
         <object_component_ref idref="oc-a6"/>
      </symbol>
      <symbol id="sm-32b">
         <name>_unlock</name>
         <value>0x20000af4</value>
         <object_component_ref idref="oc-a6"/>
      </symbol>
      <symbol id="sm-32c">
         <name>_register_lock</name>
         <value>0x1e83</value>
         <object_component_ref idref="oc-125"/>
      </symbol>
      <symbol id="sm-32d">
         <name>_register_unlock</name>
         <value>0x1e7d</value>
         <object_component_ref idref="oc-125"/>
      </symbol>
      <symbol id="sm-341">
         <name>_args_main</name>
         <value>0x1e51</value>
         <object_component_ref idref="oc-65"/>
      </symbol>
      <symbol id="sm-366">
         <name>__TI_auto_init</name>
         <value>0x1819</value>
         <object_component_ref idref="oc-5f"/>
      </symbol>
      <symbol id="sm-380">
         <name>copy_in</name>
         <value>0x1aad</value>
         <object_component_ref idref="oc-96"/>
      </symbol>
      <symbol id="sm-421">
         <name>GPIOIntRegister</name>
         <value>0x1dc1</value>
         <object_component_ref idref="oc-1af"/>
      </symbol>
      <symbol id="sm-422">
         <name>GPIOPinConfigure</name>
         <value>0x1af9</value>
         <object_component_ref idref="oc-149"/>
      </symbol>
      <symbol id="sm-423">
         <name>GPIOIntEnable</name>
         <value>0x1f6b</value>
         <object_component_ref idref="oc-1b5"/>
      </symbol>
      <symbol id="sm-424">
         <name>GPIOIntTypeSet</name>
         <value>0x19b9</value>
         <object_component_ref idref="oc-1a9"/>
      </symbol>
      <symbol id="sm-425">
         <name>GPIOIntClear</name>
         <value>0x1ff9</value>
         <object_component_ref idref="oc-1c7"/>
      </symbol>
      <symbol id="sm-426">
         <name>GPIOPinTypeUART</name>
         <value>0x1eb5</value>
         <object_component_ref idref="oc-143"/>
      </symbol>
      <symbol id="sm-427">
         <name>GPIOIntStatus</name>
         <value>0x1f0b</value>
         <object_component_ref idref="oc-1c1"/>
      </symbol>
      <symbol id="sm-428">
         <name>GPIOPinTypeGPIOOutput</name>
         <value>0x1dd9</value>
         <object_component_ref idref="oc-196"/>
      </symbol>
      <symbol id="sm-429">
         <name>GPIOPinRead</name>
         <value>0x1fff</value>
         <object_component_ref idref="oc-277"/>
      </symbol>
      <symbol id="sm-42a">
         <name>GPIODirModeSet</name>
         <value>0x1d3d</value>
         <object_component_ref idref="oc-19d"/>
      </symbol>
      <symbol id="sm-42b">
         <name>GPIOPinTypeQEI</name>
         <value>0x1e91</value>
         <object_component_ref idref="oc-1d4"/>
      </symbol>
      <symbol id="sm-42c">
         <name>GPIOPinWrite</name>
         <value>0x2005</value>
         <object_component_ref idref="oc-258"/>
      </symbol>
      <symbol id="sm-42d">
         <name>GPIOPadConfigSet</name>
         <value>0x10c5</value>
         <object_component_ref idref="oc-1a3"/>
      </symbol>
      <symbol id="sm-42e">
         <name>GPIOPinTypeTimer</name>
         <value>0x1ea3</value>
         <object_component_ref idref="oc-25e"/>
      </symbol>
      <symbol id="sm-470">
         <name>IntEnable</name>
         <value>0x18f1</value>
         <object_component_ref idref="oc-1bb"/>
      </symbol>
      <symbol id="sm-471">
         <name>IntRegister</name>
         <value>0x1cd5</value>
         <object_component_ref idref="oc-2b9"/>
      </symbol>
      <symbol id="sm-472">
         <name>g_pfnRAMVectors</name>
         <value>0x20000000</value>
         <object_component_ref idref="oc-336"/>
      </symbol>
      <symbol id="sm-473">
         <name>IntMasterEnable</name>
         <value>0x1eeb</value>
         <object_component_ref idref="oc-167"/>
      </symbol>
      <symbol id="sm-4ea">
         <name>QEIDirectionGet</name>
         <value>0x1f27</value>
         <object_component_ref idref="oc-20a"/>
      </symbol>
      <symbol id="sm-4eb">
         <name>QEIPositionGet</name>
         <value>0x201b</value>
         <object_component_ref idref="oc-210"/>
      </symbol>
      <symbol id="sm-4ec">
         <name>QEIVelocityGet</name>
         <value>0x2023</value>
         <object_component_ref idref="oc-204"/>
      </symbol>
      <symbol id="sm-4ed">
         <name>QEIIntEnable</name>
         <value>0x1fe1</value>
         <object_component_ref idref="oc-1f2"/>
      </symbol>
      <symbol id="sm-4ee">
         <name>QEIVelocityConfigure</name>
         <value>0x1efb</value>
         <object_component_ref idref="oc-1da"/>
      </symbol>
      <symbol id="sm-4ef">
         <name>QEIIntStatus</name>
         <value>0x1fa5</value>
         <object_component_ref idref="oc-1f8"/>
      </symbol>
      <symbol id="sm-4f0">
         <name>QEIEnable</name>
         <value>0x1f9b</value>
         <object_component_ref idref="oc-1e6"/>
      </symbol>
      <symbol id="sm-4f1">
         <name>QEIIntClear</name>
         <value>0x2017</value>
         <object_component_ref idref="oc-1fe"/>
      </symbol>
      <symbol id="sm-4f2">
         <name>QEIIntRegister</name>
         <value>0x1df1</value>
         <object_component_ref idref="oc-1ec"/>
      </symbol>
      <symbol id="sm-4f3">
         <name>QEIPositionSet</name>
         <value>0x201f</value>
         <object_component_ref idref="oc-216"/>
      </symbol>
      <symbol id="sm-4f4">
         <name>QEIVelocityEnable</name>
         <value>0x1faf</value>
         <object_component_ref idref="oc-1e0"/>
      </symbol>
      <symbol id="sm-4f5">
         <name>QEIConfigure</name>
         <value>0x1f19</value>
         <object_component_ref idref="oc-1ce"/>
      </symbol>
      <symbol id="sm-546">
         <name>SysCtlClockSet</name>
         <value>0x13fd</value>
         <object_component_ref idref="oc-c4"/>
      </symbol>
      <symbol id="sm-547">
         <name>SysCtlDelay</name>
         <value>0x200b</value>
         <object_component_ref idref="oc-13a"/>
      </symbol>
      <symbol id="sm-548">
         <name>SysCtlPeripheralEnable</name>
         <value>0x1d09</value>
         <object_component_ref idref="oc-13d"/>
      </symbol>
      <symbol id="sm-549">
         <name>SysCtlClockGet</name>
         <value>0x11f5</value>
         <object_component_ref idref="oc-e2"/>
      </symbol>
      <symbol id="sm-5bc">
         <name>TimerMatchSet</name>
         <value>0x1ed9</value>
         <object_component_ref idref="oc-264"/>
      </symbol>
      <symbol id="sm-5bd">
         <name>TimerLoadSet</name>
         <value>0x1ec7</value>
         <object_component_ref idref="oc-230"/>
      </symbol>
      <symbol id="sm-5be">
         <name>TimerControlLevel</name>
         <value>0x1e09</value>
         <object_component_ref idref="oc-26a"/>
      </symbol>
      <symbol id="sm-5bf">
         <name>TimerIntRegister</name>
         <value>0x1e21</value>
         <object_component_ref idref="oc-23c"/>
      </symbol>
      <symbol id="sm-5c0">
         <name>TimerEnable</name>
         <value>0x1f35</value>
         <object_component_ref idref="oc-242"/>
      </symbol>
      <symbol id="sm-5c1">
         <name>TimerIntStatus</name>
         <value>0x1fb9</value>
         <object_component_ref idref="oc-248"/>
      </symbol>
      <symbol id="sm-5c2">
         <name>TimerIntEnable</name>
         <value>0x1fe9</value>
         <object_component_ref idref="oc-236"/>
      </symbol>
      <symbol id="sm-5c3">
         <name>TimerConfigure</name>
         <value>0x1959</value>
         <object_component_ref idref="oc-22a"/>
      </symbol>
      <symbol id="sm-5c4">
         <name>TimerIntClear</name>
         <value>0x2027</value>
         <object_component_ref idref="oc-24e"/>
      </symbol>
      <symbol id="sm-646">
         <name>UARTCharPutNonBlocking</name>
         <value>0x1f43</value>
         <object_component_ref idref="oc-185"/>
      </symbol>
      <symbol id="sm-647">
         <name>UARTConfigSetExpClk</name>
         <value>0x1c11</value>
         <object_component_ref idref="oc-14f"/>
      </symbol>
      <symbol id="sm-648">
         <name>UARTDisable</name>
         <value>0x1da5</value>
         <object_component_ref idref="oc-2ab"/>
      </symbol>
      <symbol id="sm-649">
         <name>UARTIntEnable</name>
         <value>0x1ff1</value>
         <object_component_ref idref="oc-15b"/>
      </symbol>
      <symbol id="sm-64a">
         <name>UARTCharsAvail</name>
         <value>0x1f77</value>
         <object_component_ref idref="oc-17f"/>
      </symbol>
      <symbol id="sm-64b">
         <name>UARTCharPut</name>
         <value>0x1fcd</value>
         <object_component_ref idref="oc-281"/>
      </symbol>
      <symbol id="sm-64c">
         <name>UARTEnable</name>
         <value>0x1e69</value>
         <object_component_ref idref="oc-161"/>
      </symbol>
      <symbol id="sm-64d">
         <name>UARTIntClear</name>
         <value>0x202b</value>
         <object_component_ref idref="oc-173"/>
      </symbol>
      <symbol id="sm-64e">
         <name>UARTIntStatus</name>
         <value>0x1fd7</value>
         <object_component_ref idref="oc-16d"/>
      </symbol>
      <symbol id="sm-64f">
         <name>UARTCharGet</name>
         <value>0x1fc3</value>
         <object_component_ref idref="oc-179"/>
      </symbol>
      <symbol id="sm-650">
         <name>UARTIntRegister</name>
         <value>0x1e39</value>
         <object_component_ref idref="oc-155"/>
      </symbol>
      <symbol id="sm-65a">
         <name>CPUcpsie</name>
         <value>0x1f5f</value>
         <object_component_ref idref="oc-2c2"/>
      </symbol>
      <symbol id="sm-65b">
         <name>__TI_static_base__</name>
         <value>0x0</value>
      </symbol>
      <symbol id="sm-65e">
         <name>SHT$$INIT_ARRAY$$Limit</name>
         <value>0x0</value>
      </symbol>
      <symbol id="sm-65f">
         <name>SHT$$INIT_ARRAY$$Base</name>
         <value>0x0</value>
      </symbol>
   </symbol_table>
   <title>Link successful</title>
</link_info>
