******************************************************************************
                  TI ARM Linker PC v15.9.0                     
******************************************************************************
>> Linked Thu Oct 29 01:02:23 2015

OUTPUT FILE NAME:   <test1.out>
ENTRY POINT SYMBOL: "_c_int00"  address: 00001a11


MEMORY CONFIGURATION

         name            origin    length      used     unused   attr    fill
----------------------  --------  ---------  --------  --------  ----  --------
  FLASH                 00000000   00040000  000024c6  0003db3a  R  X
  SRAM                  20000000   00008000  00000b01  000074ff  RW X


SEGMENT ALLOCATION MAP

run origin  load origin   length   init length attrs members
----------  ----------- ---------- ----------- ----- -------
00000000    00000000    000024c8   000024c8    r-x
  00000000    00000000    0000026c   0000026c    r-- .intvecs
  0000026c    0000026c    00001dc6   00001dc6    r-x .text
  00002034    00002034    0000041c   0000041c    r-- .const
  00002450    00002450    00000078   00000078    r-- .cinit
20000000    20000000    00000b04   00000000    rw-
  20000000    20000000    0000026c   00000000    rw- .vtable
  2000026c    2000026c    000005fd   00000000    rw- .bss
  2000086c    2000086c    00000200   00000000    rw- .stack
  20000a6c    20000a6c    00000098   00000000    rw- .data


SECTION ALLOCATION MAP

 output                                  attributes/
section   page    origin      length       input sections
--------  ----  ----------  ----------   ----------------
.intvecs   0    00000000    0000026c     
                  00000000    0000026c     tm4c123gh6pm_startup_ccs.obj (.intvecs)

.text      0    0000026c    00001dc6     
                  0000026c    000004e4     UART.obj (.text)
                  00000750    0000040c     PID.obj (.text)
                  00000b5c    00000230     QEI.obj (.text)
                  00000d8c    000001dc     PWM.obj (.text)
                  00000f68    0000015c     Process.obj (.text)
                  000010c4    00000130     driverlib.lib : gpio.obj (.text:GPIOPadConfigSet)
                  000011f4    0000010c                   : sysctl.obj (.text:SysCtlClockGet)
                  00001300    000000fc     rtsv7M4_T_le_v4SPD16_eabi.lib : fd_mul_t2.obj (.text)
                  000013fc    000000f0     driverlib.lib : sysctl.obj (.text:SysCtlClockSet)
                  000014ec    0000009c     rtsv7M4_T_le_v4SPD16_eabi.lib : memcpy_t2.obj (.text)
                  00001588    00000094     motorControl.obj (.text)
                  0000161c    00000088     Timer.obj (.text)
                  000016a4    00000088     main.obj (.text)
                  0000172c    0000007a     rtsv7M4_T_le_v4SPD16_eabi.lib : memset_t2.obj (.text)
                  000017a6    00000002     --HOLE-- [fill = 0]
                  000017a8    00000070     Button.obj (.text)
                  00001818    0000006c     rtsv7M4_T_le_v4SPD16_eabi.lib : autoinit.obj (.text)
                  00001884    0000006a                                   : copy_decompress_rle.obj (.text)
                  000018ee    00000002     --HOLE-- [fill = 0]
                  000018f0    00000068     driverlib.lib : interrupt.obj (.text:IntEnable)
                  00001958    00000060                   : timer.obj (.text:TimerConfigure)
                  000019b8    00000056                   : gpio.obj (.text:GPIOIntTypeSet)
                  00001a0e    00000002     --HOLE-- [fill = 0]
                  00001a10    00000050     rtsv7M4_T_le_v4SPD16_eabi.lib : boot.obj (.text)
                  00001a60    0000004c     driverlib.lib : timer.obj (.text:_TimerIntNumberGet)
                  00001aac    0000004c     rtsv7M4_T_le_v4SPD16_eabi.lib : cpy_tbl.obj (.text)
                  00001af8    00000048     driverlib.lib : gpio.obj (.text:GPIOPinConfigure)
                  00001b40    00000048                   : qei.obj (.text:_QEIIntNumberGet)
                  00001b88    00000044     rtsv7M4_T_le_v4SPD16_eabi.lib : exit.obj (.text)
                  00001bcc    00000044                                   : fd_tou_t2.obj (.text)
                  00001c10    00000042     driverlib.lib : uart.obj (.text:UARTConfigSetExpClk)
                  00001c52    00000002     --HOLE-- [fill = 0]
                  00001c54    00000040                   : gpio.obj (.text:_GPIOIntNumberGet)
                  00001c94    00000040                   : uart.obj (.text:_UARTIntNumberGet)
                  00001cd4    00000034                   : interrupt.obj (.text:IntRegister)
                  00001d08    00000034                   : sysctl.obj (.text:SysCtlPeripheralEnable)
                  00001d3c    0000002a                   : gpio.obj (.text:GPIODirModeSet)
                  00001d66    00000020     rtsv7M4_T_le_v4SPD16_eabi.lib : u_tofd_t2.obj (.text)
                  00001d86    00000002     --HOLE-- [fill = 0]
                  00001d88    0000001c     LED.obj (.text)
                  00001da4    0000001c     driverlib.lib : uart.obj (.text:UARTDisable)
                  00001dc0    00000018                   : gpio.obj (.text:GPIOIntRegister)
                  00001dd8    00000018                   : gpio.obj (.text:GPIOPinTypeGPIOOutput)
                  00001df0    00000018                   : qei.obj (.text:QEIIntRegister)
                  00001e08    00000018                   : timer.obj (.text:TimerControlLevel)
                  00001e20    00000018                   : timer.obj (.text:TimerIntRegister)
                  00001e38    00000018                   : uart.obj (.text:UARTIntRegister)
                  00001e50    00000018     rtsv7M4_T_le_v4SPD16_eabi.lib : args_main.obj (.text)
                  00001e68    00000014     driverlib.lib : uart.obj (.text:UARTEnable)
                  00001e7c    00000014     rtsv7M4_T_le_v4SPD16_eabi.lib : _lock.obj (.text)
                  00001e90    00000012     driverlib.lib : gpio.obj (.text:GPIOPinTypeQEI)
                  00001ea2    00000012                   : gpio.obj (.text:GPIOPinTypeTimer)
                  00001eb4    00000012                   : gpio.obj (.text:GPIOPinTypeUART)
                  00001ec6    00000012                   : timer.obj (.text:TimerLoadSet)
                  00001ed8    00000012                   : timer.obj (.text:TimerMatchSet)
                  00001eea    00000010                   : interrupt.obj (.text:IntMasterEnable)
                  00001efa    00000010                   : qei.obj (.text:QEIVelocityConfigure)
                  00001f0a    0000000e                   : gpio.obj (.text:GPIOIntStatus)
                  00001f18    0000000e                   : qei.obj (.text:QEIConfigure)
                  00001f26    0000000e                   : qei.obj (.text:QEIDirectionGet)
                  00001f34    0000000e                   : timer.obj (.text:TimerEnable)
                  00001f42    0000000e                   : uart.obj (.text:UARTCharPutNonBlocking)
                  00001f50    0000000e     rtsv7M4_T_le_v4SPD16_eabi.lib : copy_decompress_none.obj (.text:decompress:none)
                  00001f5e    0000000c     driverlib.lib : cpu.obj (.text:CPUcpsie)
                  00001f6a    0000000c                   : gpio.obj (.text:GPIOIntEnable)
                  00001f76    0000000c                   : uart.obj (.text:UARTCharsAvail)
                  00001f82    0000000c     rtsv7M4_T_le_v4SPD16_eabi.lib : copy_zero_init.obj (.text:decompress:ZI)
                  00001f8e    0000000c     tm4c123gh6pm_startup_ccs.obj (.text)
                  00001f9a    0000000a     driverlib.lib : qei.obj (.text:QEIEnable)
                  00001fa4    0000000a                   : qei.obj (.text:QEIIntStatus)
                  00001fae    0000000a                   : qei.obj (.text:QEIVelocityEnable)
                  00001fb8    0000000a                   : timer.obj (.text:TimerIntStatus)
                  00001fc2    0000000a                   : uart.obj (.text:UARTCharGet)
                  00001fcc    0000000a                   : uart.obj (.text:UARTCharPut)
                  00001fd6    0000000a                   : uart.obj (.text:UARTIntStatus)
                  00001fe0    00000008                   : qei.obj (.text:QEIIntEnable)
                  00001fe8    00000008                   : timer.obj (.text:TimerIntEnable)
                  00001ff0    00000008                   : uart.obj (.text:UARTIntEnable)
                  00001ff8    00000006                   : gpio.obj (.text:GPIOIntClear)
                  00001ffe    00000006                   : gpio.obj (.text:GPIOPinRead)
                  00002004    00000006                   : gpio.obj (.text:GPIOPinWrite)
                  0000200a    00000006                   : sysctl.obj (.text:SysCtlDelay)
                  00002010    00000006     rtsv7M4_T_le_v4SPD16_eabi.lib : copy_decompress_rle.obj (.text:decompress:rle24)
                  00002016    00000004     driverlib.lib : qei.obj (.text:QEIIntClear)
                  0000201a    00000004                   : qei.obj (.text:QEIPositionGet)
                  0000201e    00000004                   : qei.obj (.text:QEIPositionSet)
                  00002022    00000004                   : qei.obj (.text:QEIVelocityGet)
                  00002026    00000004                   : timer.obj (.text:TimerIntClear)
                  0000202a    00000004                   : uart.obj (.text:UARTIntClear)
                  0000202e    00000004     rtsv7M4_T_le_v4SPD16_eabi.lib : pre_init.obj (.text)

.const     0    00002034    0000041c     
                  00002034    000000c0     driverlib.lib : gpio.obj (.const:g_ppui32GPIOIntMapBlizzard)
                  000020f4    000000c0                   : gpio.obj (.const:g_ppui32GPIOIntMapSnowflake)
                  000021b4    00000090                   : gpio.obj (.const:g_pui32GPIOBaseAddrs)
                  00002244    00000070                   : interrupt.obj (.const)
                  000022b4    0000006c                   : sysctl.obj (.const:g_pui32Xtals)
                  00002320    00000060                   : timer.obj (.const:g_ppui32TimerIntMap)
                  00002380    00000040                   : timer.obj (.const:g_ppui32TimerIntMapSnowflake)
                  000023c0    00000040                   : uart.obj (.const:g_ppui32UARTIntMap)
                  00002400    00000040                   : uart.obj (.const:g_ppui32UARTIntMapSnowflake)
                  00002440    00000010     main.obj (.const)

.cinit     0    00002450    00000078     
                  00002450    0000003e     (.cinit..data.load) [load image, compression = rle]
                  0000248e    00000002     --HOLE-- [fill = 0]
                  00002490    0000000c     (__TI_handler_table)
                  0000249c    00000004     --HOLE-- [fill = 0]
                  000024a0    00000008     (.cinit..bss.load) [load image, compression = zero_init]
                  000024a8    00000008     (.cinit..vtable.load) [load image, compression = zero_init]
                  000024b0    00000018     (__TI_cinit_table)

.init_array 
*          0    00000000    00000000     UNINITIALIZED

.vtable    0    20000000    0000026c     UNINITIALIZED
                  20000000    0000026c     driverlib.lib : interrupt.obj (.vtable)

.bss       0    2000026c    000005fd     UNINITIALIZED
                  2000026c    000005dc     UART.obj (.bss:rxBuffer)
                  20000848    00000008     (.common:recv)
                  20000850    00000004     (.common:enc)
                  20000854    00000004     (.common:qei_velocity_timeout)
                  20000858    00000004     (.common:speedleft)
                  2000085c    00000004     (.common:speedright)
                  20000860    00000004     (.common:speedset)
                  20000864    00000002     (.common:rxHead)
                  20000866    00000002     (.common:rxTail)
                  20000868    00000001     (.common:ControlFlag)

.TI.noinit 
*          0    2000026c    00000000     UNINITIALIZED

.stack     0    2000086c    00000200     UNINITIALIZED
                  2000086c    00000200     --HOLE--

.data      0    20000a6c    00000098     UNINITIALIZED
                  20000a6c    00000038     PID.obj (.data:PIDPosition)
                  20000aa4    00000038     PID.obj (.data:PIDVelocity)
                  20000adc    0000000a     motorControl.obj (.data)
                  20000ae6    00000002     UART.obj (.data)
                  20000ae8    00000008     QEI.obj (.data)
                  20000af0    00000008     rtsv7M4_T_le_v4SPD16_eabi.lib : _lock.obj (.data)
                  20000af8    00000008                                   : exit.obj (.data)
                  20000b00    00000004                                   : stkdepth_vars.obj (.data)

.TI.persistent 
*          0    20000a6c    00000000     UNINITIALIZED

MODULE SUMMARY

       Module                         code   ro data   rw data
       ------                         ----   -------   -------
    .\
       tm4c123gh6pm_startup_ccs.obj   12     620       0      
       main.obj                       136    16        0      
    +--+------------------------------+------+---------+---------+
       Total:                         148    636       0      
                                                              
    .\Button\
       Button.obj                     112    0         0      
    +--+------------------------------+------+---------+---------+
       Total:                         112    0         0      
                                                              
    .\LED\
       LED.obj                        28     0         0      
    +--+------------------------------+------+---------+---------+
       Total:                         28     0         0      
                                                              
    .\PID\
       PID.obj                        1036   0         120    
    +--+------------------------------+------+---------+---------+
       Total:                         1036   0         120    
                                                              
    .\PWM\
       PWM.obj                        476    0         0      
    +--+------------------------------+------+---------+---------+
       Total:                         476    0         0      
                                                              
    .\Processs\
       Process.obj                    348    0         16     
    +--+------------------------------+------+---------+---------+
       Total:                         348    0         16     
                                                              
    .\QEI\
       QEI.obj                        560    0         12     
    +--+------------------------------+------+---------+---------+
       Total:                         560    0         12     
                                                              
    .\Timer\
       Timer.obj                      136    0         1      
    +--+------------------------------+------+---------+---------+
       Total:                         136    0         1      
                                                              
    .\UART\
       UART.obj                       1252   0         1506   
    +--+------------------------------+------+---------+---------+
       Total:                         1252   0         1506   
                                                              
    .\motorControl\
       motorControl.obj               148    0         10     
    +--+------------------------------+------+---------+---------+
       Total:                         148    0         10     
                                                              
    C:\ti\ccsv6\tools\compiler\ti-cgt-arm_15.9.0.STS\lib\rtsv7M4_T_le_v4SPD16_eabi.lib
       fd_mul_t2.obj                  252    0         0      
       memcpy_t2.obj                  156    0         0      
       memset_t2.obj                  122    0         0      
       copy_decompress_rle.obj        112    0         0      
       autoinit.obj                   108    0         0      
       boot.obj                       80     0         0      
       cpy_tbl.obj                    76     0         0      
       exit.obj                       68     0         8      
       fd_tou_t2.obj                  68     0         0      
       u_tofd_t2.obj                  32     0         0      
       _lock.obj                      20     0         8      
       args_main.obj                  24     0         0      
       copy_decompress_none.obj       14     0         0      
       copy_zero_init.obj             12     0         0      
       pre_init.obj                   4      0         0      
       stkdepth_vars.obj              0      0         4      
    +--+------------------------------+------+---------+---------+
       Total:                         1148   0         20     
                                                              
    G:\ti\TivaWare_C_Series-2.1.1.71\driverlib\ccs\Debug\driverlib.lib
       gpio.obj                       714    528       0      
       interrupt.obj                  172    112       620    
       sysctl.obj                     566    108       0      
       timer.obj                      292    160       0      
       uart.obj                       270    128       0      
       qei.obj                        194    0         0      
       cpu.obj                        12     0         0      
    +--+------------------------------+------+---------+---------+
       Total:                         2220   1036      620    
                                                              
       Stack:                         0      0         512    
       Linker Generated:              0      114       0      
    +--+------------------------------+------+---------+---------+
       Grand Total:                   7612   1786      2817   


LINKER GENERATED COPY TABLES

__TI_cinit_table @ 000024b0 records: 3, size/record: 8, table size: 24
	.data: load addr=00002450, load size=0000003e bytes, run addr=20000a6c, run size=00000098 bytes, compression=rle
	.bss: load addr=000024a0, load size=00000008 bytes, run addr=2000026c, run size=000005fd bytes, compression=zero_init
	.vtable: load addr=000024a8, load size=00000008 bytes, run addr=20000000, run size=0000026c bytes, compression=zero_init


LINKER GENERATED HANDLER TABLE

__TI_handler_table @ 00002490 records: 3, size/record: 4, table size: 12
	index: 0, handler: __TI_zero_init
	index: 1, handler: __TI_decompress_rle24
	index: 2, handler: __TI_decompress_none


GLOBAL SYMBOLS: SORTED ALPHABETICALLY BY Name 

address   name                    
-------   ----                    
00000f69  Balacing_Process        
00001b89  C$$EXIT                 
00001f5f  CPUcpsie                
00000d8d  ConfigBoostCircuit      
00000db1  ConfigDRV_Enable        
0000026d  ConfigUART              
00000de5  Config_PWM              
00001d3d  GPIODirModeSet          
00001ff9  GPIOIntClear            
00001f6b  GPIOIntEnable           
00001dc1  GPIOIntRegister         
00001f0b  GPIOIntStatus           
000019b9  GPIOIntTypeSet          
000010c5  GPIOPadConfigSet        
00001af9  GPIOPinConfigure        
00001fff  GPIOPinRead             
00001dd9  GPIOPinTypeGPIOOutput   
00001e91  GPIOPinTypeQEI          
00001ea3  GPIOPinTypeTimer        
00001eb5  GPIOPinTypeUART         
00002005  GPIOPinWrite            
000006ff  GetRxData               
000018f1  IntEnable               
00001eeb  IntMasterEnable         
00001cd5  IntRegister             
00000793  PIDPosCalc              
20000a6c  PIDPosition             
00000767  PIDPositionSet          
000009c5  PIDReset                
00000751  PIDSpeedSet             
20000aa4  PIDVelocity             
000008c7  PIDVerCalc              
000015c9  ProcessSpeedControl     
00001f19  QEIConfigure            
00001f27  QEIDirectionGet         
00001f9b  QEIEnable               
00002017  QEIIntClear             
00001fe1  QEIIntEnable            
00001df1  QEIIntRegister          
00001fa5  QEIIntStatus            
0000201b  QEIPositionGet          
0000201f  QEIPositionSet          
00001efb  QEIVelocityConfigure    
00001faf  QEIVelocityEnable       
00002023  QEIVelocityGet          
00000683  ReadRxBuffer_recv_UART0 
00001f8f  ResetISR                
UNDEFED   SHT$$INIT_ARRAY$$Base   
UNDEFED   SHT$$INIT_ARRAY$$Limit  
00000e8f  SetPWM                  
000011f5  SysCtlClockGet          
000013fd  SysCtlClockSet          
0000200b  SysCtlDelay             
00001d09  SysCtlPeripheralEnable  
00001661  Timer2AIntHandler       
00001959  TimerConfigure          
00001e09  TimerControlLevel       
00001f35  TimerEnable             
00002027  TimerIntClear           
00001fe9  TimerIntEnable          
00001e21  TimerIntRegister        
00001fb9  TimerIntStatus          
00001ec7  TimerLoadSet            
00001ed9  TimerMatchSet           
0000048b  UART0_Handler           
00001fc3  UARTCharGet             
00001fcd  UARTCharPut             
00001f43  UARTCharPutNonBlocking  
00001f77  UARTCharsAvail          
00001c11  UARTConfigSetExpClk     
00001da5  UARTDisable             
00001e69  UARTEnable              
0000202b  UARTIntClear            
00001ff1  UARTIntEnable           
00001e39  UARTIntRegister         
00001fd7  UARTIntStatus           
000005d1  UARTPutNum              
00000661  UARTStringPut           
20000a6c  __STACK_END             
00000200  __STACK_SIZE            
20000a6c  __STACK_TOP             
000024b0  __TI_CINIT_Base         
000024c8  __TI_CINIT_Limit        
00002490  __TI_Handler_Table_Base 
0000249c  __TI_Handler_Table_Limit
00001819  __TI_auto_init          
20000af8  __TI_cleanup_ptr        
00001f51  __TI_decompress_none    
00002011  __TI_decompress_rle24   
20000afc  __TI_dtors_ptr          
00000000  __TI_static_base__      
00001f83  __TI_zero_init          
00001bcd  __aeabi_d2uiz           
00001301  __aeabi_dmul            
0000172d  __aeabi_memclr          
0000172d  __aeabi_memclr4         
0000172d  __aeabi_memclr8         
000014ed  __aeabi_memcpy          
000014ed  __aeabi_memcpy4         
000014ed  __aeabi_memcpy8         
0000172f  __aeabi_memset          
0000172f  __aeabi_memset4         
0000172f  __aeabi_memset8         
00001d67  __aeabi_ui2d            
ffffffff  __binit__               
ffffffff  __c_args__              
2000086c  __stack                 
00001e51  _args_main              
00001a11  _c_int00                
20000af0  _lock                   
00001e8b  _nop                    
00001e83  _register_lock          
00001e7d  _register_unlock        
0000202f  _system_pre_init        
20000af4  _unlock                 
00001b8d  abort                   
ffffffff  binit                   
000017e9  buttonISR               
000017a9  buttonInit              
00000a2d  configPID               
00001aad  copy_in                 
00000f21  enableBoostCircuit      
20000850  enc                     
00001b95  exit                    
20000000  g_pfnRAMVectors         
00000000  g_pfnVectors            
0000167b  getControlFlag          
000009f5  getPIDPos               
000009ed  getPIDVer               
00001d89  ledInit                 
000016a5  main                    
20000b00  main_func_sp            
000014ed  memcpy                  
00001735  memset                  
00000d03  qei_getPosLeft          
00000d0d  qei_getPosRight         
00000cb9  qei_getVelocity         
00000b5d  qei_init                
00000d17  qei_setPosLeft          
00000d25  qei_setPosRight         
20000848  recv                    
00000507  recv_UART0              
00001681  setControlFlag          
00001589  setSpeedMotor           
00000ee9  speed_Enable_Hbridge    
20000860  speedset                
0000161d  timerInit               


GLOBAL SYMBOLS: SORTED BY Symbol Address 

address   name                    
-------   ----                    
00000000  __TI_static_base__      
00000000  g_pfnVectors            
00000200  __STACK_SIZE            
0000026d  ConfigUART              
0000048b  UART0_Handler           
00000507  recv_UART0              
000005d1  UARTPutNum              
00000661  UARTStringPut           
00000683  ReadRxBuffer_recv_UART0 
000006ff  GetRxData               
00000751  PIDSpeedSet             
00000767  PIDPositionSet          
00000793  PIDPosCalc              
000008c7  PIDVerCalc              
000009c5  PIDReset                
000009ed  getPIDVer               
000009f5  getPIDPos               
00000a2d  configPID               
00000b5d  qei_init                
00000cb9  qei_getVelocity         
00000d03  qei_getPosLeft          
00000d0d  qei_getPosRight         
00000d17  qei_setPosLeft          
00000d25  qei_setPosRight         
00000d8d  ConfigBoostCircuit      
00000db1  ConfigDRV_Enable        
00000de5  Config_PWM              
00000e8f  SetPWM                  
00000ee9  speed_Enable_Hbridge    
00000f21  enableBoostCircuit      
00000f69  Balacing_Process        
000010c5  GPIOPadConfigSet        
000011f5  SysCtlClockGet          
00001301  __aeabi_dmul            
000013fd  SysCtlClockSet          
000014ed  __aeabi_memcpy          
000014ed  __aeabi_memcpy4         
000014ed  __aeabi_memcpy8         
000014ed  memcpy                  
00001589  setSpeedMotor           
000015c9  ProcessSpeedControl     
0000161d  timerInit               
00001661  Timer2AIntHandler       
0000167b  getControlFlag          
00001681  setControlFlag          
000016a5  main                    
0000172d  __aeabi_memclr          
0000172d  __aeabi_memclr4         
0000172d  __aeabi_memclr8         
0000172f  __aeabi_memset          
0000172f  __aeabi_memset4         
0000172f  __aeabi_memset8         
00001735  memset                  
000017a9  buttonInit              
000017e9  buttonISR               
00001819  __TI_auto_init          
000018f1  IntEnable               
00001959  TimerConfigure          
000019b9  GPIOIntTypeSet          
00001a11  _c_int00                
00001aad  copy_in                 
00001af9  GPIOPinConfigure        
00001b89  C$$EXIT                 
00001b8d  abort                   
00001b95  exit                    
00001bcd  __aeabi_d2uiz           
00001c11  UARTConfigSetExpClk     
00001cd5  IntRegister             
00001d09  SysCtlPeripheralEnable  
00001d3d  GPIODirModeSet          
00001d67  __aeabi_ui2d            
00001d89  ledInit                 
00001da5  UARTDisable             
00001dc1  GPIOIntRegister         
00001dd9  GPIOPinTypeGPIOOutput   
00001df1  QEIIntRegister          
00001e09  TimerControlLevel       
00001e21  TimerIntRegister        
00001e39  UARTIntRegister         
00001e51  _args_main              
00001e69  UARTEnable              
00001e7d  _register_unlock        
00001e83  _register_lock          
00001e8b  _nop                    
00001e91  GPIOPinTypeQEI          
00001ea3  GPIOPinTypeTimer        
00001eb5  GPIOPinTypeUART         
00001ec7  TimerLoadSet            
00001ed9  TimerMatchSet           
00001eeb  IntMasterEnable         
00001efb  QEIVelocityConfigure    
00001f0b  GPIOIntStatus           
00001f19  QEIConfigure            
00001f27  QEIDirectionGet         
00001f35  TimerEnable             
00001f43  UARTCharPutNonBlocking  
00001f51  __TI_decompress_none    
00001f5f  CPUcpsie                
00001f6b  GPIOIntEnable           
00001f77  UARTCharsAvail          
00001f83  __TI_zero_init          
00001f8f  ResetISR                
00001f9b  QEIEnable               
00001fa5  QEIIntStatus            
00001faf  QEIVelocityEnable       
00001fb9  TimerIntStatus          
00001fc3  UARTCharGet             
00001fcd  UARTCharPut             
00001fd7  UARTIntStatus           
00001fe1  QEIIntEnable            
00001fe9  TimerIntEnable          
00001ff1  UARTIntEnable           
00001ff9  GPIOIntClear            
00001fff  GPIOPinRead             
00002005  GPIOPinWrite            
0000200b  SysCtlDelay             
00002011  __TI_decompress_rle24   
00002017  QEIIntClear             
0000201b  QEIPositionGet          
0000201f  QEIPositionSet          
00002023  QEIVelocityGet          
00002027  TimerIntClear           
0000202b  UARTIntClear            
0000202f  _system_pre_init        
00002490  __TI_Handler_Table_Base 
0000249c  __TI_Handler_Table_Limit
000024b0  __TI_CINIT_Base         
000024c8  __TI_CINIT_Limit        
20000000  g_pfnRAMVectors         
20000848  recv                    
20000850  enc                     
20000860  speedset                
2000086c  __stack                 
20000a6c  PIDPosition             
20000a6c  __STACK_END             
20000a6c  __STACK_TOP             
20000aa4  PIDVelocity             
20000af0  _lock                   
20000af4  _unlock                 
20000af8  __TI_cleanup_ptr        
20000afc  __TI_dtors_ptr          
20000b00  main_func_sp            
ffffffff  __binit__               
ffffffff  __c_args__              
ffffffff  binit                   
UNDEFED   SHT$$INIT_ARRAY$$Base   
UNDEFED   SHT$$INIT_ARRAY$$Limit  

[147 symbols]
