******************************************************************************
                  TI ARM Linker PC v15.9.0                     
******************************************************************************
>> Linked Mon Oct 26 10:42:43 2015

OUTPUT FILE NAME:   <test.out>
ENTRY POINT SYMBOL: "_c_int00"  address: 00000895


MEMORY CONFIGURATION

         name            origin    length      used     unused   attr    fill
----------------------  --------  ---------  --------  --------  ----  --------
  FLASH                 00000000   00040000  00000c24  0003f3dc  R  X
  SRAM                  20000000   00008000  00000214  00007dec  RW X


SEGMENT ALLOCATION MAP

run origin  load origin   length   init length attrs members
----------  ----------- ---------- ----------- ----- -------
00000000    00000000    00000c28   00000c28    r-x
  00000000    00000000    0000026c   0000026c    r-- .intvecs
  0000026c    0000026c    0000089c   0000089c    r-x .text
  00000b08    00000b08    000000fc   000000fc    r-- .const
  00000c08    00000c08    00000020   00000020    r-- .cinit
20000000    20000000    00000214   00000000    rw-
  20000000    20000000    00000200   00000000    rw- .stack
  20000200    20000200    00000014   00000000    rw- .data


SECTION ALLOCATION MAP

 output                                  attributes/
section   page    origin      length       input sections
--------  ----  ----------  ----------   ----------------
.intvecs   0    00000000    0000026c     
                  00000000    0000026c     tm4c123gh6pm_startup_ccs.obj (.intvecs)

.text      0    0000026c    0000089c     
                  0000026c    0000019c     PWM.obj (.text)
                  00000408    00000130     driverlib.lib : gpio.obj (.text:GPIOPadConfigSet)
                  00000538    0000010c                   : sysctl.obj (.text:SysCtlClockGet)
                  00000644    0000009c     rtsv7M4_T_le_v4SPD16_eabi.lib : memcpy_t2.obj (.text)
                  000006e0    0000007a                                   : memset_t2.obj (.text)
                  0000075a    00000002     --HOLE-- [fill = 0]
                  0000075c    0000006c                                   : autoinit.obj (.text)
                  000007c8    0000006a                                   : copy_decompress_rle.obj (.text)
                  00000832    00000002     --HOLE-- [fill = 0]
                  00000834    00000060     driverlib.lib : timer.obj (.text:TimerConfigure)
                  00000894    00000050     rtsv7M4_T_le_v4SPD16_eabi.lib : boot.obj (.text)
                  000008e4    0000004c                                   : cpy_tbl.obj (.text)
                  00000930    00000048     driverlib.lib : gpio.obj (.text:GPIOPinConfigure)
                  00000978    00000044     rtsv7M4_T_le_v4SPD16_eabi.lib : exit.obj (.text)
                  000009bc    00000040     main.obj (.text)
                  000009fc    00000034     driverlib.lib : sysctl.obj (.text:SysCtlPeripheralEnable)
                  00000a30    0000002a                   : gpio.obj (.text:GPIODirModeSet)
                  00000a5a    00000018                   : timer.obj (.text:TimerControlLevel)
                  00000a72    00000002     --HOLE-- [fill = 0]
                  00000a74    00000018     rtsv7M4_T_le_v4SPD16_eabi.lib : args_main.obj (.text)
                  00000a8c    00000014                                   : _lock.obj (.text)
                  00000aa0    00000012     driverlib.lib : gpio.obj (.text:GPIOPinTypeTimer)
                  00000ab2    00000012                   : timer.obj (.text:TimerLoadSet)
                  00000ac4    00000012                   : timer.obj (.text:TimerMatchSet)
                  00000ad6    0000000e                   : timer.obj (.text:TimerEnable)
                  00000ae4    0000000e     rtsv7M4_T_le_v4SPD16_eabi.lib : copy_decompress_none.obj (.text:decompress:none)
                  00000af2    0000000c     tm4c123gh6pm_startup_ccs.obj (.text)
                  00000afe    00000006     rtsv7M4_T_le_v4SPD16_eabi.lib : copy_decompress_rle.obj (.text:decompress:rle24)
                  00000b04    00000004                                   : pre_init.obj (.text)

.const     0    00000b08    000000fc     
                  00000b08    00000090     driverlib.lib : gpio.obj (.const:g_pui32GPIOBaseAddrs)
                  00000b98    0000006c                   : sysctl.obj (.const:g_pui32Xtals)

.cinit     0    00000c08    00000020     
                  00000c08    0000000f     (.cinit..data.load) [load image, compression = rle]
                  00000c17    00000001     --HOLE-- [fill = 0]
                  00000c18    00000008     (__TI_handler_table)
                  00000c20    00000008     (__TI_cinit_table)

.init_array 
*          0    00000000    00000000     UNINITIALIZED

.stack     0    20000000    00000200     UNINITIALIZED
                  20000000    00000200     --HOLE--

.data      0    20000200    00000014     UNINITIALIZED
                  20000200    00000008     rtsv7M4_T_le_v4SPD16_eabi.lib : _lock.obj (.data)
                  20000208    00000008                                   : exit.obj (.data)
                  20000210    00000004                                   : stkdepth_vars.obj (.data)

.TI.persistent 
*          0    20000200    00000000     UNINITIALIZED

MODULE SUMMARY

       Module                         code   ro data   rw data
       ------                         ----   -------   -------
    .\
       tm4c123gh6pm_startup_ccs.obj   12     620       0      
       main.obj                       64     0         0      
    +--+------------------------------+------+---------+---------+
       Total:                         76     620       0      
                                                              
    .\PWM\
       PWM.obj                        412    0         0      
    +--+------------------------------+------+---------+---------+
       Total:                         412    0         0      
                                                              
    C:\ti\ccsv6\tools\compiler\ti-cgt-arm_15.9.0.STS\lib\rtsv7M4_T_le_v4SPD16_eabi.lib
       memcpy_t2.obj                  156    0         0      
       memset_t2.obj                  122    0         0      
       copy_decompress_rle.obj        112    0         0      
       autoinit.obj                   108    0         0      
       boot.obj                       80     0         0      
       cpy_tbl.obj                    76     0         0      
       exit.obj                       68     0         8      
       _lock.obj                      20     0         8      
       args_main.obj                  24     0         0      
       copy_decompress_none.obj       14     0         0      
       pre_init.obj                   4      0         0      
       stkdepth_vars.obj              0      0         4      
    +--+------------------------------+------+---------+---------+
       Total:                         784    0         20     
                                                              
    G:\ti\TivaWare_C_Series-2.1.1.71\driverlib\ccs\Debug\driverlib.lib
       gpio.obj                       436    144       0      
       sysctl.obj                     320    108       0      
       timer.obj                      170    0         0      
    +--+------------------------------+------+---------+---------+
       Total:                         926    252       0      
                                                              
       Stack:                         0      0         512    
       Linker Generated:              0      31        0      
    +--+------------------------------+------+---------+---------+
       Grand Total:                   2198   903       532    


LINKER GENERATED COPY TABLES

__TI_cinit_table @ 00000c20 records: 1, size/record: 8, table size: 8
	.data: load addr=00000c08, load size=0000000f bytes, run addr=20000200, run size=00000014 bytes, compression=rle


LINKER GENERATED HANDLER TABLE

__TI_handler_table @ 00000c18 records: 2, size/record: 4, table size: 8
	index: 0, handler: __TI_decompress_rle24
	index: 1, handler: __TI_decompress_none


GLOBAL SYMBOLS: SORTED ALPHABETICALLY BY Name 

address   name                    
-------   ----                    
00000979  C$$EXIT                 
0000026d  Config_PWM              
00000a31  GPIODirModeSet          
00000409  GPIOPadConfigSet        
00000931  GPIOPinConfigure        
00000aa1  GPIOPinTypeTimer        
00000af3  ResetISR                
UNDEFED   SHT$$INIT_ARRAY$$Base   
UNDEFED   SHT$$INIT_ARRAY$$Limit  
00000377  SetPWM                  
00000539  SysCtlClockGet          
000009fd  SysCtlPeripheralEnable  
00000835  TimerConfigure          
00000a5b  TimerControlLevel       
00000ad7  TimerEnable             
00000ab3  TimerLoadSet            
00000ac5  TimerMatchSet           
20000200  __STACK_END             
00000200  __STACK_SIZE            
20000200  __STACK_TOP             
00000c20  __TI_CINIT_Base         
00000c28  __TI_CINIT_Limit        
00000c18  __TI_Handler_Table_Base 
00000c20  __TI_Handler_Table_Limit
0000075d  __TI_auto_init          
20000208  __TI_cleanup_ptr        
00000ae5  __TI_decompress_none    
00000aff  __TI_decompress_rle24   
2000020c  __TI_dtors_ptr          
00000000  __TI_static_base__      
000006e1  __aeabi_memclr          
000006e1  __aeabi_memclr4         
000006e1  __aeabi_memclr8         
00000645  __aeabi_memcpy          
00000645  __aeabi_memcpy4         
00000645  __aeabi_memcpy8         
000006e3  __aeabi_memset          
000006e3  __aeabi_memset4         
000006e3  __aeabi_memset8         
ffffffff  __binit__               
ffffffff  __c_args__              
20000000  __stack                 
00000a75  _args_main              
00000895  _c_int00                
20000200  _lock                   
00000a9b  _nop                    
00000a93  _register_lock          
00000a8d  _register_unlock        
00000b05  _system_pre_init        
20000204  _unlock                 
0000097d  abort                   
ffffffff  binit                   
000008e5  copy_in                 
00000985  exit                    
00000000  g_pfnVectors            
000009bd  main                    
20000210  main_func_sp            
00000645  memcpy                  
000006e9  memset                  


GLOBAL SYMBOLS: SORTED BY Symbol Address 

address   name                    
-------   ----                    
00000000  __TI_static_base__      
00000000  g_pfnVectors            
00000200  __STACK_SIZE            
0000026d  Config_PWM              
00000377  SetPWM                  
00000409  GPIOPadConfigSet        
00000539  SysCtlClockGet          
00000645  __aeabi_memcpy          
00000645  __aeabi_memcpy4         
00000645  __aeabi_memcpy8         
00000645  memcpy                  
000006e1  __aeabi_memclr          
000006e1  __aeabi_memclr4         
000006e1  __aeabi_memclr8         
000006e3  __aeabi_memset          
000006e3  __aeabi_memset4         
000006e3  __aeabi_memset8         
000006e9  memset                  
0000075d  __TI_auto_init          
00000835  TimerConfigure          
00000895  _c_int00                
000008e5  copy_in                 
00000931  GPIOPinConfigure        
00000979  C$$EXIT                 
0000097d  abort                   
00000985  exit                    
000009bd  main                    
000009fd  SysCtlPeripheralEnable  
00000a31  GPIODirModeSet          
00000a5b  TimerControlLevel       
00000a75  _args_main              
00000a8d  _register_unlock        
00000a93  _register_lock          
00000a9b  _nop                    
00000aa1  GPIOPinTypeTimer        
00000ab3  TimerLoadSet            
00000ac5  TimerMatchSet           
00000ad7  TimerEnable             
00000ae5  __TI_decompress_none    
00000af3  ResetISR                
00000aff  __TI_decompress_rle24   
00000b05  _system_pre_init        
00000c18  __TI_Handler_Table_Base 
00000c20  __TI_CINIT_Base         
00000c20  __TI_Handler_Table_Limit
00000c28  __TI_CINIT_Limit        
20000000  __stack                 
20000200  __STACK_END             
20000200  __STACK_TOP             
20000200  _lock                   
20000204  _unlock                 
20000208  __TI_cleanup_ptr        
2000020c  __TI_dtors_ptr          
20000210  main_func_sp            
ffffffff  __binit__               
ffffffff  __c_args__              
ffffffff  binit                   
UNDEFED   SHT$$INIT_ARRAY$$Base   
UNDEFED   SHT$$INIT_ARRAY$$Limit  

[59 symbols]
