******************************************************************************
                  TI ARM Linker PC v5.2.4                      
******************************************************************************
>> Linked Fri Oct 16 08:48:36 2015

OUTPUT FILE NAME:   <TI_MCU_Final.out>
ENTRY POINT SYMBOL: "_c_int00"  address: 0000284d


MEMORY CONFIGURATION

         name            origin    length      used     unused   attr    fill
----------------------  --------  ---------  --------  --------  ----  --------
  FLASH                 00000000   00040000  0000340c  0003cbf4  R  X
  SRAM                  20000000   00008000  00000756  000078aa  RW X


SEGMENT ALLOCATION MAP

run origin  load origin   length   init length attrs members
----------  ----------- ---------- ----------- ----- -------
00000000    00000000    00003410   00003410    r-x
  00000000    00000000    0000026c   0000026c    r-- .intvecs
  0000026c    0000026c    00002c3c   00002c3c    r-x .text
  00002ea8    00002ea8    000004ec   000004ec    r-- .const
  00003398    00003398    00000078   00000078    r-- .cinit
20000000    20000000    00000758   00000000    rw-
  20000000    20000000    0000026c   00000000    rw- .vtable
  2000026c    2000026c    00000276   00000000    rw- .bss
  200004e4    200004e4    00000200   00000000    rw- .stack
  200006e4    200006e4    00000074   00000000    rw- .data


SECTION ALLOCATION MAP

 output                                  attributes/
section   page    origin      length       input sections
--------  ----  ----------  ----------   ----------------
.intvecs   0    00000000    0000026c     
                  00000000    0000026c     startup_ccs.obj (.intvecs)

.text      0    0000026c    00002c3c     
                  0000026c    00000a78     CANSlave.obj (.text)
                  00000ce4    00000720     ConfigTimer.obj (.text)
                  00001404    00000384     MYUART.obj (.text)
                  00001788    00000348     SystemConfig.obj (.text)
                  00001ad0    000002d0     PID.obj (.text)
                  00001da0    00000148     InterruptHandler.obj (.text)
                  00001ee8    0000013c     driverlib.lib : can.obj (.text:CANMessageSet)
                  00002024    00000130                   : gpio.obj (.text:GPIOPadConfigSet)
                  00002154    00000118                   : sysctl.obj (.text:SysCtlClockGet)
                  0000226c    00000110                   : can.obj (.text:CANMessageGet)
                  0000237c    00000100     main.obj (.text)
                  0000247c    0000009c     rtsv7M4_T_le_v4SPD16_eabi.lib : memcpy_t2.obj (.text)
                  00002518    0000007a                                   : memset_t2.obj (.text)
                  00002592    00000002     driverlib.lib : interrupt.obj (.text:_IntDefaultHandler)
                  00002594    0000006c     rtsv7M4_T_le_v4SPD16_eabi.lib : autoinit.obj (.text)
                  00002600    0000006a                                   : copy_decompress_rle.obj (.text)
                  0000266a    00000002     --HOLE-- [fill = 0]
                  0000266c    00000068     driverlib.lib : can.obj (.text:CANBitRateSet)
                  000026d4    00000060                   : interrupt.obj (.text:IntDisable)
                  00002734    00000060                   : interrupt.obj (.text:IntEnable)
                  00002794    0000005c                   : timer.obj (.text:TimerConfigure)
                  000027f0    0000005c                   : can.obj (.text:_CANIntNumberGet)
                  0000284c    00000050     rtsv7M4_T_le_v4SPD16_eabi.lib : boot.obj (.text)
                  0000289c    0000004c     driverlib.lib : timer.obj (.text:_TimerIntNumberGet)
                  000028e8    0000004c     rtsv7M4_T_le_v4SPD16_eabi.lib : cpy_tbl.obj (.text)
                  00002934    00000048     driverlib.lib : gpio.obj (.text:GPIOPinConfigure)
                  0000297c    00000044     rtsv7M4_T_le_v4SPD16_eabi.lib : exit.obj (.text)
                  000029c0    00000040     driverlib.lib : can.obj (.text:CANStatusGet)
                  00002a00    00000040                   : uart.obj (.text:UARTConfigSetExpClk)
                  00002a40    00000040                   : gpio.obj (.text:_GPIOIntNumberGet)
                  00002a80    00000040                   : uart.obj (.text:_UARTIntNumberGet)
                  00002ac0    0000003a                   : can.obj (.text:CANInit)
                  00002afa    00000002     --HOLE-- [fill = 0]
                  00002afc    00000034                   : interrupt.obj (.text:IntRegister)
                  00002b30    00000034                   : sysctl.obj (.text:SysCtlPeripheralEnable)
                  00002b64    0000002a                   : gpio.obj (.text:GPIODirModeSet)
                  00002b8e    0000002a                   : can.obj (.text:_CANDataRegRead)
                  00002bb8    00000024                   : can.obj (.text:_CANDataRegWrite)
                  00002bdc    00000022                   : can.obj (.text:CANIntClear)
                  00002bfe    0000001e                   : can.obj (.text:CANIntStatus)
                  00002c1c    0000001c                   : systick.obj (.text:SysTickIntRegister)
                  00002c38    0000001c                   : uart.obj (.text:UARTDisable)
                  00002c54    00000018                   : can.obj (.text:CANIntRegister)
                  00002c6c    00000018                   : gpio.obj (.text:GPIOIntRegister)
                  00002c84    00000018                   : timer.obj (.text:TimerIntRegister)
                  00002c9c    00000018                   : uart.obj (.text:UARTIntRegister)
                  00002cb4    00000018     rtsv7M4_T_le_v4SPD16_eabi.lib : args_main.obj (.text)
                  00002ccc    00000014     driverlib.lib : interrupt.obj (.text:IntUnregister)
                  00002ce0    00000014                   : systick.obj (.text:SysTickEnable)
                  00002cf4    00000014                   : systick.obj (.text:SysTickIntEnable)
                  00002d08    00000014                   : timer.obj (.text:TimerDisable)
                  00002d1c    00000014                   : timer.obj (.text:TimerIntUnregister)
                  00002d30    00000014                   : uart.obj (.text:UARTEnable)
                  00002d44    00000014     rtsv7M4_T_le_v4SPD16_eabi.lib : _lock.obj (.text)
                  00002d58    00000012     driverlib.lib : gpio.obj (.text:GPIOPinTypeCAN)
                  00002d6a    00000012                   : gpio.obj (.text:GPIOPinTypeGPIOInput)
                  00002d7c    00000012                   : gpio.obj (.text:GPIOPinTypeTimer)
                  00002d8e    00000012                   : gpio.obj (.text:GPIOPinTypeUART)
                  00002da0    00000012                   : timer.obj (.text:TimerLoadSet)
                  00002db2    00000012                   : timer.obj (.text:TimerMatchSet)
                  00002dc4    00000010                   : systick.obj (.text:SysTickPeriodSet)
                  00002dd4    0000000e                   : timer.obj (.text:TimerEnable)
                  00002de2    0000000e                   : uart.obj (.text:UARTCharPutNonBlocking)
                  00002df0    0000000e     rtsv7M4_T_le_v4SPD16_eabi.lib : copy_decompress_none.obj (.text:decompress:none)
                  00002dfe    0000000c     driverlib.lib : cpu.obj (.text:CPUcpsie)
                  00002e0a    0000000c                   : gpio.obj (.text:GPIOIntEnable)
                  00002e16    0000000c                   : uart.obj (.text:UARTCharsAvail)
                  00002e22    0000000c     rtsv7M4_T_le_v4SPD16_eabi.lib : copy_zero_init.obj (.text:decompress:ZI)
                  00002e2e    0000000c     startup_ccs.obj (.text)
                  00002e3a    0000000a     driverlib.lib : can.obj (.text:CANEnable)
                  00002e44    0000000a                   : interrupt.obj (.text:IntMasterEnable)
                  00002e4e    0000000a                   : timer.obj (.text:TimerLoadGet)
                  00002e58    0000000a                   : uart.obj (.text:UARTIntStatus)
                  00002e62    00000008                   : can.obj (.text:CANIntEnable)
                  00002e6a    00000008                   : timer.obj (.text:TimerIntEnable)
                  00002e72    00000008                   : timer.obj (.text:TimerLoadSet64)
                  00002e7a    00000008                   : uart.obj (.text:UARTIntEnable)
                  00002e82    00000006                   : gpio.obj (.text:GPIOIntClear)
                  00002e88    00000006                   : gpio.obj (.text:GPIOPinRead)
                  00002e8e    00000006                   : gpio.obj (.text:GPIOPinWrite)
                  00002e94    00000006                   : sysctl.obj (.text:SysCtlDelay)
                  00002e9a    00000006     rtsv7M4_T_le_v4SPD16_eabi.lib : copy_decompress_rle.obj (.text:decompress:rle24)
                  00002ea0    00000004     driverlib.lib : timer.obj (.text:TimerIntClear)
                  00002ea4    00000004     rtsv7M4_T_le_v4SPD16_eabi.lib : pre_init.obj (.text)

.const     0    00002ea8    000004ec     
                  00002ea8    000000c0     ConfigTimer.obj (.const:TimerRegister)
                  00002f68    000000c0     driverlib.lib : gpio.obj (.const:g_ppui32GPIOIntMapBlizzard)
                  00003028    000000c0                   : gpio.obj (.const:g_ppui32GPIOIntMapSnowflake)
                  000030e8    00000090                   : gpio.obj (.const:g_pui32GPIOBaseAddrs)
                  00003178    00000070                   : interrupt.obj (.const)
                  000031e8    0000006c                   : sysctl.obj (.const:g_pui32Xtals)
                  00003254    00000060                   : timer.obj (.const:g_ppui32TimerIntMap)
                  000032b4    00000040                   : timer.obj (.const:g_ppui32TimerIntMapSnowflake)
                  000032f4    00000040                   : uart.obj (.const:g_ppui32UARTIntMap)
                  00003334    00000040                   : uart.obj (.const:g_ppui32UARTIntMapSnowflake)
                  00003374    00000020                   : can.obj (.const)

.cinit     0    00003398    00000078     
                  00003398    00000040     (.cinit..data.load) [load image, compression = rle]
                  000033d8    0000000c     (__TI_handler_table)
                  000033e4    00000004     --HOLE-- [fill = 0]
                  000033e8    00000008     (.cinit..bss.load) [load image, compression = zero_init]
                  000033f0    00000008     (.cinit..vtable.load) [load image, compression = zero_init]
                  000033f8    00000018     (__TI_cinit_table)

.init_array 
*          0    00000000    00000000     UNINITIALIZED

.vtable    0    20000000    0000026c     UNINITIALIZED
                  20000000    0000026c     driverlib.lib : interrupt.obj (.vtable)

.bss       0    2000026c    00000276     UNINITIALIZED
                  2000026c    00000108     CANSlave.obj (.bss:CANUserDefine)
                  20000374    00000064     CANSlave.obj (.bss:CANBuf)
                  200003d8    00000038     PID.obj (.bss:PIDPosition)
                  20000410    00000038     PID.obj (.bss:PIDVelocity)
                  20000448    00000034     InterruptHandler.obj (.bss:UARTBuf)
                  2000047c    00000014     (.common:CANMsgSlvRx)
                  20000490    00000014     (.common:CANMsgSlvTx)
                  200004a4    00000010     (.common:UART_Bluetooth)
                  200004b4    00000008     (.common:CANMsgSlvRxData)
                  200004bc    00000008     (.common:CANMsgSlvTxData)
                  200004c4    00000008     (.common:ui8_TxData$1)
                  200004cc    00000004     (.common:FallPulse)
                  200004d0    00000004     (.common:RisePulse)
                  200004d4    00000004     (.common:SlvDataPtr_temp)
                  200004d8    00000004     (.common:SystemTickISR)
                  200004dc    00000004     (.common:p_UARTBuf)
                  200004e0    00000001     (.common:CANFlag)
                  200004e1    00000001     (.common:g_bErrFlag)

.TI.noinit 
*          0    2000026c    00000000     UNINITIALIZED

.stack     0    200004e4    00000200     UNINITIALIZED
                  200004e4    00000200     --HOLE--

.data      0    200006e4    00000074     UNINITIALIZED
                  200006e4    00000044     CANSlave.obj (.data)
                  20000728    00000013     InterruptHandler.obj (.data)
                  2000073b    00000001     MYUART.obj (.data)
                  2000073c    00000008     rtsv7M4_T_le_v4SPD16_eabi.lib : _lock.obj (.data)
                  20000744    00000008                                   : exit.obj (.data)
                  2000074c    00000004     ConfigTimer.obj (.data)
                  20000750    00000004     SystemConfig.obj (.data)
                  20000754    00000004     rtsv7M4_T_le_v4SPD16_eabi.lib : stkdepth_vars.obj (.data)

.TI.persistent 
*          0    200006e4    00000000     UNINITIALIZED


LINKER GENERATED COPY TABLES

__TI_cinit_table @ 000033f8 records: 3, size/record: 8, table size: 24
	.data: load addr=00003398, load size=00000040 bytes, run addr=200006e4, run size=00000074 bytes, compression=rle
	.bss: load addr=000033e8, load size=00000008 bytes, run addr=2000026c, run size=00000276 bytes, compression=zero_init
	.vtable: load addr=000033f0, load size=00000008 bytes, run addr=20000000, run size=0000026c bytes, compression=zero_init


LINKER GENERATED HANDLER TABLE

__TI_handler_table @ 000033d8 records: 3, size/record: 4, table size: 12
	index: 0, handler: __TI_zero_init
	index: 1, handler: __TI_decompress_rle24
	index: 2, handler: __TI_decompress_none


GLOBAL SYMBOLS: SORTED ALPHABETICALLY BY Name 

address   name                    
-------   ----                    
200006f2  AutoLogDataType         
00001e43  BluetoothIntHandler     
0000297d  C$$EXIT                 
0000266d  CANBitRateSet           
20000374  CANBuf                  
000005f5  CANCommandProcess       
000007a1  CANDataProcess          
00002e3b  CANEnable               
200004e0  CANFlag                 
00002ac1  CANInit                 
200006e9  CANInitFlag             
00002bdd  CANIntClear             
00002e63  CANIntEnable            
00002c55  CANIntRegister          
00002bff  CANIntStatus            
0000226d  CANMessageGet           
00001ee9  CANMessageSet           
2000047c  CANMsgSlvRx             
200004b4  CANMsgSlvRxData         
20000490  CANMsgSlvTx             
200004bc  CANMsgSlvTxData         
00000c4d  CANReadBuf              
200006ee  CANSlaveCommandRx       
200006ec  CANSlaveFlags           
0000026d  CANSlaveInit            
0000043d  CANSlaveIntHandler      
00000351  CANSlvCmdWrite          
00000b09  CANSlvMsgInit           
0000032d  CANSlvSendErr           
0000038d  CANSlvSendFrames        
00000a9d  CANSlvSendPackage       
200006f0  CANStatus               
000029c1  CANStatusGet            
2000026c  CANUserDefine           
00002dff  CPUcpsie                
000016f1  CheckNetworkFrame       
000019e7  ConfigEncoder           
000023a3  ConfigNetwork           
000017d3  ConfigPIDTimer          
0000185d  ConfigPWM               
00000ce5  ConfigSysTick           
00001789  ConfigSystem            
000010f9  ConfigTimerPWM          
00000da1  ConfigTimerTick         
00001405  ConfigUART              
00001e71  EncoderISR              
200004cc  FallPulse               
200006e6  FrameCount              
00002b65  GPIODirModeSet          
00002e83  GPIOIntClear            
00002e0b  GPIOIntEnable           
00002c6d  GPIOIntRegister         
00002025  GPIOPadConfigSet        
00002935  GPIOPinConfigure        
00002e89  GPIOPinRead             
00002d59  GPIOPinTypeCAN          
00002d6b  GPIOPinTypeGPIOInput    
00002d7d  GPIOPinTypeTimer        
00002d8f  GPIOPinTypeUART         
00002e8f  GPIOPinWrite            
00000c99  GetCommand              
00000c2d  GetDataLength           
000010a5  GetPortBase             
00001daf  HBridgeDisable          
00001da1  HBridgeEnable           
200006f3  Info                    
0000237d  InitPID                 
000026d5  IntDisable              
00002735  IntEnable               
00002e45  IntMasterEnable         
00002afd  IntRegister             
00002ccd  IntUnregister           
20000738  MaxSpeed                
00001b13  PIDPosCalc              
200003d8  PIDPosition             
00001ae7  PIDPositionSet          
00001ad1  PIDSpeedSet             
20000410  PIDVelocity             
00001c47  PIDVerCalc              
20000750  PIDVerLoop              
000012a9  PWMSet                  
200006e8  PingStatus              
20000728  Position                
00002e2f  ResetISR                
200004d0  RisePulse               
UNDEFED   SHT$$INIT_ARRAY$$Base   
UNDEFED   SHT$$INIT_ARRAY$$Limit  
00001967  SetPWM                  
200006e4  SlaveID                 
200004d4  SlvDataPtr_temp         
00000bc9  SlvMessageSend          
2000072c  Speed                   
20000730  Speedtemp               
00002155  SysCtlClockGet          
00002e95  SysCtlDelay             
00002b31  SysCtlPeripheralEnable  
2000074c  SysTickCount            
00002ce1  SysTickEnable           
00002cf5  SysTickIntEnable        
00002c1d  SysTickIntRegister      
2000074e  SysTickNumPeriod        
00002dc5  SysTickPeriodSet        
00000d73  SysTickSubISR           
200004d8  SystemTickISR           
00001dbd  Timer5ISR               
00002795  TimerConfigure          
00002d09  TimerDisable            
00002dd5  TimerEnable             
00002ea1  TimerIntClear           
00002e6b  TimerIntEnable          
00002c85  TimerIntRegister        
00002d1d  TimerIntUnregister      
00002e4f  TimerLoadGet            
00002da1  TimerLoadSet            
00002e73  TimerLoadSet64          
00002db3  TimerMatchSet           
00002ea8  TimerRegister           
0000104d  TimerTickDisable        
20000448  UARTBuf                 
00002de3  UARTCharPutNonBlocking  
00002e17  UARTCharsAvail          
00002a01  UARTConfigSetExpClk     
00002c39  UARTDisable             
00002d31  UARTEnable              
00002e7b  UARTIntEnable           
00002c9d  UARTIntRegister         
00002e59  UARTIntStatus           
00001643  UARTPutn                
00001623  UARTPuts                
200004a4  UART_Bluetooth          
000006fd  WTimer5ISR              
200006e4  __STACK_END             
00000200  __STACK_SIZE            
200006e4  __STACK_TOP             
000033f8  __TI_CINIT_Base         
00003410  __TI_CINIT_Limit        
000033d8  __TI_Handler_Table_Base 
000033e4  __TI_Handler_Table_Limit
00002595  __TI_auto_init          
20000744  __TI_cleanup_ptr        
00002df1  __TI_decompress_none    
00002e9b  __TI_decompress_rle24   
20000748  __TI_dtors_ptr          
00000000  __TI_static_base__      
00002e23  __TI_zero_init          
00002519  __aeabi_memclr          
00002519  __aeabi_memclr4         
00002519  __aeabi_memclr8         
0000247d  __aeabi_memcpy          
0000247d  __aeabi_memcpy4         
0000247d  __aeabi_memcpy8         
0000251b  __aeabi_memset          
0000251b  __aeabi_memset4         
0000251b  __aeabi_memset8         
ffffffff  __binit__               
ffffffff  __c_args__              
200004e4  __stack                 
00002cb5  _args_main              
0000284d  _c_int00                
2000073c  _lock                   
00002d53  _nop                    
00002d4b  _register_lock          
00002d45  _register_unlock        
00002ea5  _system_pre_init        
20000740  _unlock                 
00002981  abort                   
ffffffff  binit                   
000028e9  copy_in                 
00002989  exit                    
200004e1  g_bErrFlag              
20000000  g_pfnRAMVectors         
00000000  g_pfnVectors            
000023d9  main                    
20000754  main_func_sp            
0000247d  memcpy                  
00002521  memset                  
200004dc  p_UARTBuf               
20000734  set                     
200006ea  ucSizeBuf               


GLOBAL SYMBOLS: SORTED BY Symbol Address 

address   name                    
-------   ----                    
00000000  __TI_static_base__      
00000000  g_pfnVectors            
00000200  __STACK_SIZE            
0000026d  CANSlaveInit            
0000032d  CANSlvSendErr           
00000351  CANSlvCmdWrite          
0000038d  CANSlvSendFrames        
0000043d  CANSlaveIntHandler      
000005f5  CANCommandProcess       
000006fd  WTimer5ISR              
000007a1  CANDataProcess          
00000a9d  CANSlvSendPackage       
00000b09  CANSlvMsgInit           
00000bc9  SlvMessageSend          
00000c2d  GetDataLength           
00000c4d  CANReadBuf              
00000c99  GetCommand              
00000ce5  ConfigSysTick           
00000d73  SysTickSubISR           
00000da1  ConfigTimerTick         
0000104d  TimerTickDisable        
000010a5  GetPortBase             
000010f9  ConfigTimerPWM          
000012a9  PWMSet                  
00001405  ConfigUART              
00001623  UARTPuts                
00001643  UARTPutn                
000016f1  CheckNetworkFrame       
00001789  ConfigSystem            
000017d3  ConfigPIDTimer          
0000185d  ConfigPWM               
00001967  SetPWM                  
000019e7  ConfigEncoder           
00001ad1  PIDSpeedSet             
00001ae7  PIDPositionSet          
00001b13  PIDPosCalc              
00001c47  PIDVerCalc              
00001da1  HBridgeEnable           
00001daf  HBridgeDisable          
00001dbd  Timer5ISR               
00001e43  BluetoothIntHandler     
00001e71  EncoderISR              
00001ee9  CANMessageSet           
00002025  GPIOPadConfigSet        
00002155  SysCtlClockGet          
0000226d  CANMessageGet           
0000237d  InitPID                 
000023a3  ConfigNetwork           
000023d9  main                    
0000247d  __aeabi_memcpy          
0000247d  __aeabi_memcpy4         
0000247d  __aeabi_memcpy8         
0000247d  memcpy                  
00002519  __aeabi_memclr          
00002519  __aeabi_memclr4         
00002519  __aeabi_memclr8         
0000251b  __aeabi_memset          
0000251b  __aeabi_memset4         
0000251b  __aeabi_memset8         
00002521  memset                  
00002595  __TI_auto_init          
0000266d  CANBitRateSet           
000026d5  IntDisable              
00002735  IntEnable               
00002795  TimerConfigure          
0000284d  _c_int00                
000028e9  copy_in                 
00002935  GPIOPinConfigure        
0000297d  C$$EXIT                 
00002981  abort                   
00002989  exit                    
000029c1  CANStatusGet            
00002a01  UARTConfigSetExpClk     
00002ac1  CANInit                 
00002afd  IntRegister             
00002b31  SysCtlPeripheralEnable  
00002b65  GPIODirModeSet          
00002bdd  CANIntClear             
00002bff  CANIntStatus            
00002c1d  SysTickIntRegister      
00002c39  UARTDisable             
00002c55  CANIntRegister          
00002c6d  GPIOIntRegister         
00002c85  TimerIntRegister        
00002c9d  UARTIntRegister         
00002cb5  _args_main              
00002ccd  IntUnregister           
00002ce1  SysTickEnable           
00002cf5  SysTickIntEnable        
00002d09  TimerDisable            
00002d1d  TimerIntUnregister      
00002d31  UARTEnable              
00002d45  _register_unlock        
00002d4b  _register_lock          
00002d53  _nop                    
00002d59  GPIOPinTypeCAN          
00002d6b  GPIOPinTypeGPIOInput    
00002d7d  GPIOPinTypeTimer        
00002d8f  GPIOPinTypeUART         
00002da1  TimerLoadSet            
00002db3  TimerMatchSet           
00002dc5  SysTickPeriodSet        
00002dd5  TimerEnable             
00002de3  UARTCharPutNonBlocking  
00002df1  __TI_decompress_none    
00002dff  CPUcpsie                
00002e0b  GPIOIntEnable           
00002e17  UARTCharsAvail          
00002e23  __TI_zero_init          
00002e2f  ResetISR                
00002e3b  CANEnable               
00002e45  IntMasterEnable         
00002e4f  TimerLoadGet            
00002e59  UARTIntStatus           
00002e63  CANIntEnable            
00002e6b  TimerIntEnable          
00002e73  TimerLoadSet64          
00002e7b  UARTIntEnable           
00002e83  GPIOIntClear            
00002e89  GPIOPinRead             
00002e8f  GPIOPinWrite            
00002e95  SysCtlDelay             
00002e9b  __TI_decompress_rle24   
00002ea1  TimerIntClear           
00002ea5  _system_pre_init        
00002ea8  TimerRegister           
000033d8  __TI_Handler_Table_Base 
000033e4  __TI_Handler_Table_Limit
000033f8  __TI_CINIT_Base         
00003410  __TI_CINIT_Limit        
20000000  g_pfnRAMVectors         
2000026c  CANUserDefine           
20000374  CANBuf                  
200003d8  PIDPosition             
20000410  PIDVelocity             
20000448  UARTBuf                 
2000047c  CANMsgSlvRx             
20000490  CANMsgSlvTx             
200004a4  UART_Bluetooth          
200004b4  CANMsgSlvRxData         
200004bc  CANMsgSlvTxData         
200004cc  FallPulse               
200004d0  RisePulse               
200004d4  SlvDataPtr_temp         
200004d8  SystemTickISR           
200004dc  p_UARTBuf               
200004e0  CANFlag                 
200004e1  g_bErrFlag              
200004e4  __stack                 
200006e4  SlaveID                 
200006e4  __STACK_END             
200006e4  __STACK_TOP             
200006e6  FrameCount              
200006e8  PingStatus              
200006e9  CANInitFlag             
200006ea  ucSizeBuf               
200006ec  CANSlaveFlags           
200006ee  CANSlaveCommandRx       
200006f0  CANStatus               
200006f2  AutoLogDataType         
200006f3  Info                    
20000728  Position                
2000072c  Speed                   
20000730  Speedtemp               
20000734  set                     
20000738  MaxSpeed                
2000073c  _lock                   
20000740  _unlock                 
20000744  __TI_cleanup_ptr        
20000748  __TI_dtors_ptr          
2000074c  SysTickCount            
2000074e  SysTickNumPeriod        
20000750  PIDVerLoop              
20000754  main_func_sp            
ffffffff  __binit__               
ffffffff  __c_args__              
ffffffff  binit                   
UNDEFED   SHT$$INIT_ARRAY$$Base   
UNDEFED   SHT$$INIT_ARRAY$$Limit  

[179 symbols]
